[2J[001;001H[=3h[2J[001;001H[2J[001;001H[8;042;160t[2J[001;001H[2J[001;001H[8;056;240t[2J[001;001HBdsDxe: loading Boot0002 "UEFI Misc Device" from PciRoot(0x0)/Pci(0x3,0x0)
BdsDxe: starting Boot0002 "UEFI Misc Device" from PciRoot(0x0)/Pci(0x3,0x0)
EFI stub: Loaded initrd from LINUX_EFI_INITRD_MEDIA_GUID device path
[    0.000000] Linux version 6.12.95+deb13-amd64 (debian-kernel@lists.debian.org) (x86_64-linux-gnu-gcc-14 (Debian 14.2.0-19) 14.2.0, GNU ld (GNU Binutils for Debian) 2.44) #1 SMP PREEMPT_DYNAMIC Debian 6.12.95-1 (2026-07-04)
[    0.000000] Command line: console=ttyS0,115200 systemd.firstboot=off systemd.journald.forward_to_console=1
[    0.000000] BIOS-provided physical RAM map:
[    0.000000] BIOS-e820: [mem 0x0000000000000000-0x000000000009ffff] usable
[    0.000000] BIOS-e820: [mem 0x0000000000100000-0x00000000007fffff] usable
[    0.000000] BIOS-e820: [mem 0x0000000000800000-0x0000000000807fff] ACPI NVS
[    0.000000] BIOS-e820: [mem 0x0000000000808000-0x000000000080afff] usable
[    0.000000] BIOS-e820: [mem 0x000000000080b000-0x000000000080bfff] ACPI NVS
[    0.000000] BIOS-e820: [mem 0x000000000080c000-0x0000000000811fff] usable
[    0.000000] BIOS-e820: [mem 0x0000000000812000-0x0000000000812fff] reserved
[    0.000000] BIOS-e820: [mem 0x0000000000813000-0x0000000000813fff] usable
[    0.000000] BIOS-e820: [mem 0x0000000000814000-0x00000000008fffff] ACPI NVS
[    0.000000] BIOS-e820: [mem 0x0000000000900000-0x000000007eb3efff] usable
[    0.000000] BIOS-e820: [mem 0x000000007eb3f000-0x000000007ebfffff] reserved
[    0.000000] BIOS-e820: [mem 0x000000007ec00000-0x000000007f8ecfff] usable
[    0.000000] BIOS-e820: [mem 0x000000007f8ed000-0x000000007fb6cfff] reserved
[    0.000000] BIOS-e820: [mem 0x000000007fb6d000-0x000000007fb7efff] ACPI data
[    0.000000] BIOS-e820: [mem 0x000000007fb7f000-0x000000007fbfefff] ACPI NVS
[    0.000000] BIOS-e820: [mem 0x000000007fbff000-0x000000007fedbfff] usable
[    0.000000] BIOS-e820: [mem 0x000000007fedc000-0x000000007ff5ffff] reserved
[    0.000000] BIOS-e820: [mem 0x000000007ff60000-0x000000007fffffff] ACPI NVS
[    0.000000] BIOS-e820: [mem 0x00000000e0000000-0x00000000efffffff] reserved
[    0.000000] BIOS-e820: [mem 0x00000000feffc000-0x00000000feffffff] reserved
[    0.000000] BIOS-e820: [mem 0x00000000ffc00000-0x00000000ffffffff] reserved
[    0.000000] BIOS-e820: [mem 0x0000000100000000-0x000000017fffffff] usable
[    0.000000] BIOS-e820: [mem 0x000000fd00000000-0x000000ffffffffff] reserved
[    0.000000] NX (Execute Disable) protection: active
[    0.000000] APIC: Static calls initialized
[    0.000000] extended physical RAM map:
[    0.000000] reserve setup_data: [mem 0x0000000000000000-0x000000000009ffff] usable
[    0.000000] reserve setup_data: [mem 0x0000000000100000-0x00000000007fffff] usable
[    0.000000] reserve setup_data: [mem 0x0000000000800000-0x0000000000807fff] ACPI NVS
[    0.000000] reserve setup_data: [mem 0x0000000000808000-0x000000000080afff] usable
[    0.000000] reserve setup_data: [mem 0x000000000080b000-0x000000000080bfff] ACPI NVS
[    0.000000] reserve setup_data: [mem 0x000000000080c000-0x0000000000811fff] usable
[    0.000000] reserve setup_data: [mem 0x0000000000812000-0x0000000000812fff] reserved
[    0.000000] reserve setup_data: [mem 0x0000000000813000-0x0000000000813fff] usable
[    0.000000] reserve setup_data: [mem 0x0000000000814000-0x00000000008fffff] ACPI NVS
[    0.000000] reserve setup_data: [mem 0x0000000000900000-0x000000007cdc8017] usable
[    0.000000] reserve setup_data: [mem 0x000000007cdc8018-0x000000007cdeee57] usable
[    0.000000] reserve setup_data: [mem 0x000000007cdeee58-0x000000007eb3efff] usable
[    0.000000] reserve setup_data: [mem 0x000000007eb3f000-0x000000007ebfffff] reserved
[    0.000000] reserve setup_data: [mem 0x000000007ec00000-0x000000007f8ecfff] usable
[    0.000000] reserve setup_data: [mem 0x000000007f8ed000-0x000000007fb6cfff] reserved
[    0.000000] reserve setup_data: [mem 0x000000007fb6d000-0x000000007fb7efff] ACPI data
[    0.000000] reserve setup_data: [mem 0x000000007fb7f000-0x000000007fbfefff] ACPI NVS
[    0.000000] reserve setup_data: [mem 0x000000007fbff000-0x000000007fedbfff] usable
[    0.000000] reserve setup_data: [mem 0x000000007fedc000-0x000000007ff5ffff] reserved
[    0.000000] reserve setup_data: [mem 0x000000007ff60000-0x000000007fffffff] ACPI NVS
[    0.000000] reserve setup_data: [mem 0x00000000e0000000-0x00000000efffffff] reserved
[    0.000000] reserve setup_data: [mem 0x00000000feffc000-0x00000000feffffff] reserved
[    0.000000] reserve setup_data: [mem 0x00000000ffc00000-0x00000000ffffffff] reserved
[    0.000000] reserve setup_data: [mem 0x0000000100000000-0x000000017fffffff] usable
[    0.000000] reserve setup_data: [mem 0x000000fd00000000-0x000000ffffffffff] reserved
[    0.000000] efi: EFI v2.7 by EDK II
[    0.000000] efi: SMBIOS=0x7f983000 ACPI=0x7fb7e000 ACPI 2.0=0x7fb7e014 MEMATTR=0x7da1b418 INITRD=0x7d9fcc98 RNG=0x7fb73018 
[    0.000000] random: crng init done
[    0.000000] efi: Remove mem122: MMIO range=[0xffc00000-0xffffffff] (4MB) from e820 map
[    0.000000] secureboot: Secure boot disabled
[    0.000000] SMBIOS 2.8 present.
[    0.000000] DMI: QEMU Standard PC (Q35 + ICH9, 2009), BIOS unknown 02/02/2022
[    0.000000] DMI: Memory slots populated: 1/1
[    0.000000] Hypervisor detected: KVM
[    0.000000] last_pfn = 0x7fedc max_arch_pfn = 0x400000000
[    0.000000] kvm-clock: Using msrs 4b564d01 and 4b564d00
[    0.000000] kvm-clock: using sched offset of 1733837147 cycles
[    0.000002] clocksource: kvm-clock: mask: 0xffffffffffffffff max_cycles: 0x1cd42e4dffb, max_idle_ns: 881590591483 ns
[    0.000005] tsc: Detected 3293.814 MHz processor
[    0.000113] last_pfn = 0x180000 max_arch_pfn = 0x400000000
[    0.000145] MTRR map: 4 entries (2 fixed + 2 variable; max 18), built from 8 variable MTRRs
[    0.000148] x86/PAT: Configuration [0-7]: WB  WC  UC- UC  WB  WP  UC- WT  
[    0.000192] last_pfn = 0x7fedc max_arch_pfn = 0x400000000
[    0.003731] Using GB pages for direct mapping
[    0.004083] RAMDISK: [mem 0x6ccd4000-0x745c8fff]
[    0.004086] ACPI: Early table checksum verification disabled
[    0.004091] ACPI: RSDP 0x000000007FB7E014 000024 (v02 BOCHS )
[    0.004095] ACPI: XSDT 0x000000007FB7D0E8 000054 (v01 BOCHS  BXPC     00000001      01000013)
[    0.004100] ACPI: FACP 0x000000007FB79000 0000F4 (v03 BOCHS  BXPC     00000001 BXPC 00000001)
[    0.004105] ACPI: DSDT 0x000000007FB7A000 0021F1 (v01 BOCHS  BXPC     00000001 BXPC 00000001)
[    0.004109] ACPI: FACS 0x000000007FBDD000 000040
[    0.004112] ACPI: APIC 0x000000007FB78000 000090 (v03 BOCHS  BXPC     00000001 BXPC 00000001)
[    0.004115] ACPI: HPET 0x000000007FB77000 000038 (v01 BOCHS  BXPC     00000001 BXPC 00000001)
[    0.004118] ACPI: MCFG 0x000000007FB76000 00003C (v01 BOCHS  BXPC     00000001 BXPC 00000001)
[    0.004121] ACPI: WAET 0x000000007FB75000 000028 (v01 BOCHS  BXPC     00000001 BXPC 00000001)
[    0.004124] ACPI: BGRT 0x000000007FB74000 000038 (v01 INTEL  EDK2     00000002      01000013)
[    0.004125] ACPI: Reserving FACP table memory at [mem 0x7fb79000-0x7fb790f3]
[    0.004126] ACPI: Reserving DSDT table memory at [mem 0x7fb7a000-0x7fb7c1f0]
[    0.004126] ACPI: Reserving FACS table memory at [mem 0x7fbdd000-0x7fbdd03f]
[    0.004127] ACPI: Reserving APIC table memory at [mem 0x7fb78000-0x7fb7808f]
[    0.004127] ACPI: Reserving HPET table memory at [mem 0x7fb77000-0x7fb77037]
[    0.004128] ACPI: Reserving MCFG table memory at [mem 0x7fb76000-0x7fb7603b]
[    0.004128] ACPI: Reserving WAET table memory at [mem 0x7fb75000-0x7fb75027]
[    0.004129] ACPI: Reserving BGRT table memory at [mem 0x7fb74000-0x7fb74037]
[    0.004484] No NUMA configuration found
[    0.004486] Faking a node at [mem 0x0000000000000000-0x000000017fffffff]
[    0.004491] NODE_DATA(0) allocated [mem 0x17ffd3680-0x17fffdfff]
[    0.004835] Zone ranges:
[    0.004836]   DMA      [mem 0x0000000000001000-0x0000000000ffffff]
[    0.004837]   DMA32    [mem 0x0000000001000000-0x00000000ffffffff]
[    0.004838]   Normal   [mem 0x0000000100000000-0x000000017fffffff]
[    0.004839]   Device   empty
[    0.004839] Movable zone start for each node
[    0.004841] Early memory node ranges
[    0.004841]   node   0: [mem 0x0000000000001000-0x000000000009ffff]
[    0.004842]   node   0: [mem 0x0000000000100000-0x00000000007fffff]
[    0.004842]   node   0: [mem 0x0000000000808000-0x000000000080afff]
[    0.004843]   node   0: [mem 0x000000000080c000-0x0000000000811fff]
[    0.004843]   node   0: [mem 0x0000000000813000-0x0000000000813fff]
[    0.004844]   node   0: [mem 0x0000000000900000-0x000000007eb3efff]
[    0.004844]   node   0: [mem 0x000000007ec00000-0x000000007f8ecfff]
[    0.004845]   node   0: [mem 0x000000007fbff000-0x000000007fedbfff]
[    0.004845]   node   0: [mem 0x0000000100000000-0x000000017fffffff]
[    0.004846] Initmem setup node 0 [mem 0x0000000000001000-0x000000017fffffff]
[    0.004860] On node 0, zone DMA: 1 pages in unavailable ranges
[    0.004947] On node 0, zone DMA: 96 pages in unavailable ranges
[    0.004950] On node 0, zone DMA: 8 pages in unavailable ranges
[    0.004951] On node 0, zone DMA: 1 pages in unavailable ranges
[    0.004951] On node 0, zone DMA: 1 pages in unavailable ranges
[    0.005043] On node 0, zone DMA: 236 pages in unavailable ranges
[    0.030159] On node 0, zone DMA32: 193 pages in unavailable ranges
[    0.030236] On node 0, zone DMA32: 786 pages in unavailable ranges
[    0.031854] On node 0, zone Normal: 292 pages in unavailable ranges
[    0.032400] ACPI: PM-Timer IO Port: 0x608
[    0.032419] ACPI: LAPIC_NMI (acpi_id[0xff] dfl dfl lint[0x1])
[    0.032455] IOAPIC[0]: apic_id 0, version 17, address 0xfec00000, GSI 0-23
[    0.032458] ACPI: INT_SRC_OVR (bus 0 bus_irq 0 global_irq 2 dfl dfl)
[    0.032459] ACPI: INT_SRC_OVR (bus 0 bus_irq 5 global_irq 5 high level)
[    0.032460] ACPI: INT_SRC_OVR (bus 0 bus_irq 9 global_irq 9 high level)
[    0.032461] ACPI: INT_SRC_OVR (bus 0 bus_irq 10 global_irq 10 high level)
[    0.032462] ACPI: INT_SRC_OVR (bus 0 bus_irq 11 global_irq 11 high level)
[    0.032464] ACPI: Using ACPI (MADT) for SMP configuration information
[    0.032465] ACPI: HPET id: 0x8086a201 base: 0xfed00000
[    0.032546] TSC deadline timer available
[    0.032550] CPU topo: Max. logical packages:   1
[    0.032550] CPU topo: Max. logical dies:       1
[    0.032551] CPU topo: Max. dies per package:   1
[    0.032554] CPU topo: Max. threads per core:   1
[    0.032554] CPU topo: Num. cores per package:     4
[    0.032554] CPU topo: Num. threads per package:   4
[    0.032555] CPU topo: Allowing 4 present CPUs plus 0 hotplug CPUs
[    0.032579] kvm-guest: APIC: eoi() replaced with kvm_guest_apic_eoi_write()
[    0.032607] kvm-guest: KVM setup pv remote TLB flush
[    0.032611] kvm-guest: setup PV sched yield
[    0.032624] PM: hibernation: Registered nosave memory: [mem 0x00000000-0x00000fff]
[    0.032625] PM: hibernation: Registered nosave memory: [mem 0x000a0000-0x000fffff]
[    0.032626] PM: hibernation: Registered nosave memory: [mem 0x00800000-0x00807fff]
[    0.032627] PM: hibernation: Registered nosave memory: [mem 0x0080b000-0x0080bfff]
[    0.032628] PM: hibernation: Registered nosave memory: [mem 0x00812000-0x00812fff]
[    0.032629] PM: hibernation: Registered nosave memory: [mem 0x00814000-0x008fffff]
[    0.032631] PM: hibernation: Registered nosave memory: [mem 0x7da12000-0x7da1afff]
[    0.032632] PM: hibernation: Registered nosave memory: [mem 0x7eb3f000-0x7ebfffff]
[    0.032633] PM: hibernation: Registered nosave memory: [mem 0x7f8ed000-0x7fbfefff]
[    0.032634] PM: hibernation: Registered nosave memory: [mem 0x7fedc000-0xffffffff]
[    0.032635] [mem 0x80000000-0xdfffffff] available for PCI devices
[    0.032636] Booting paravirtualized kernel on KVM
[    0.032639] clocksource: refined-jiffies: mask: 0xffffffff max_cycles: 0xffffffff, max_idle_ns: 7645519600211568 ns
[    0.036157] setup_percpu: NR_CPUS:8192 nr_cpumask_bits:4 nr_cpu_ids:4 nr_node_ids:1
[    0.037681] percpu: Embedded 66 pages/cpu s233472 r8192 d28672 u524288
[    0.037726] kvm-guest: PV spinlocks enabled
[    0.037728] PV qspinlock hash table entries: 256 (order: 0, 4096 bytes, linear)
[    0.037730] Kernel command line: console=ttyS0,115200 systemd.firstboot=off systemd.journald.forward_to_console=1
[    0.041125] Dentry cache hash table entries: 524288 (order: 10, 4194304 bytes, linear)
[    0.042613] Inode-cache hash table entries: 262144 (order: 9, 2097152 bytes, linear)
[    0.042678] Fallback order for Node 0: 0 
[    0.042681] Built 1 zonelists, mobility grouping on.  Total pages: 1046962
[    0.042682] Policy zone: Normal
[    0.042687] mem auto-init: stack:all(zero), heap alloc:on, heap free:off
[    0.042693] software IO TLB: area num 4.
[    0.054258] SLUB: HWalign=64, Order=0-3, MinObjects=0, CPUs=4, Nodes=1
[    0.061981] ftrace: allocating 45131 entries in 178 pages
[    0.061983] ftrace: allocated 178 pages with 4 groups
[    0.062818] Dynamic Preempt: voluntary
[    0.062888] rcu: Preemptible hierarchical RCU implementation.
[    0.062889] rcu: 	RCU restricting CPUs from NR_CPUS=8192 to nr_cpu_ids=4.
[    0.062890] 	Trampoline variant of Tasks RCU enabled.
[    0.062890] 	Rude variant of Tasks RCU enabled.
[    0.062891] 	Tracing variant of Tasks RCU enabled.
[    0.062891] rcu: RCU calculated value of scheduler-enlistment delay is 25 jiffies.
[    0.062892] rcu: Adjusting geometry for rcu_fanout_leaf=16, nr_cpu_ids=4
[    0.062896] RCU Tasks: Setting shift to 2 and lim to 1 rcu_task_cb_adjust=1 rcu_task_cpu_ids=4.
[    0.062897] RCU Tasks Rude: Setting shift to 2 and lim to 1 rcu_task_cb_adjust=1 rcu_task_cpu_ids=4.
[    0.062898] RCU Tasks Trace: Setting shift to 2 and lim to 1 rcu_task_cb_adjust=1 rcu_task_cpu_ids=4.
[    0.066246] NR_IRQS: 524544, nr_irqs: 456, preallocated irqs: 16
[    0.066466] rcu: srcu_init: Setting srcu_struct sizes based on contention.
[    0.066592] Console: colour dummy device 80x25
[    0.066656] printk: legacy console [ttyS0] enabled
[    0.280512] ACPI: Core revision 20240827
[    0.281519] clocksource: hpet: mask: 0xffffffff max_cycles: 0xffffffff, max_idle_ns: 19112604467 ns
[    0.283261] APIC: Switch to symmetric I/O mode setup
[    0.284292] x2apic enabled
[    0.284991] APIC: Switched APIC routing to: physical x2apic
[    0.285962] kvm-guest: APIC: send_IPI_mask() replaced with kvm_send_ipi_mask()
[    0.287211] kvm-guest: APIC: send_IPI_mask_allbutself() replaced with kvm_send_ipi_mask_allbutself()
[    0.288834] kvm-guest: setup PV IPIs
[    0.290246] ..TIMER: vector=0x30 apic1=0 pin1=2 apic2=-1 pin2=-1
[    0.291307] clocksource: tsc-early: mask: 0xffffffffffffffff max_cycles: 0x2f7a78d8787, max_idle_ns: 440795347541 ns
[    0.293119] Calibrating delay loop (skipped) preset value.. 6587.62 BogoMIPS (lpj=13175256)
[    0.294647] x86/cpu: User Mode Instruction Prevention (UMIP) activated
[    0.297224] Last level iTLB entries: 4KB 512, 2MB 255, 4MB 127
[    0.298238] Last level dTLB entries: 4KB 512, 2MB 255, 4MB 127, 1GB 0
[    0.299451] Spectre V1 : Mitigation: usercopy/swapgs barriers and __user pointer sanitization
[    0.301123] Spectre V2 : Mitigation: Enhanced / Automatic IBRS
[    0.302140] Spectre V2 : mitigation: Enabling conditional Indirect Branch Prediction Barrier
[    0.303608] Speculative Store Bypass: Mitigation: Speculative Store Bypass disabled via prctl
[    0.305118] active return thunk: srso_alias_return_thunk
[    0.306049] Speculative Return Stack Overflow: Mitigation: Safe RET
[    0.307135] Transient Scheduler Attacks: Mitigation: Clear CPU buffers
[    0.308295] x86/fpu: Supporting XSAVE feature 0x001: 'x87 floating point registers'
[    0.309117] x86/fpu: Supporting XSAVE feature 0x002: 'SSE registers'
[    0.310210] x86/fpu: Supporting XSAVE feature 0x004: 'AVX registers'
[    0.311303] x86/fpu: Supporting XSAVE feature 0x020: 'AVX-512 opmask'
[    0.313117] x86/fpu: Supporting XSAVE feature 0x040: 'AVX-512 Hi256'
[    0.314212] x86/fpu: Supporting XSAVE feature 0x080: 'AVX-512 ZMM_Hi256'
[    0.315382] x86/fpu: Supporting XSAVE feature 0x200: 'Protection Keys User registers'
[    0.316851] x86/fpu: Supporting XSAVE feature 0x800: 'Control-flow User registers'
[    0.317119] x86/fpu: xstate_offset[2]:  576, xstate_sizes[2]:  256
[    0.318191] x86/fpu: xstate_offset[5]:  832, xstate_sizes[5]:   64
[    0.319256] x86/fpu: xstate_offset[6]:  896, xstate_sizes[6]:  512
[    0.321117] x86/fpu: xstate_offset[7]: 1408, xstate_sizes[7]: 1024
[    0.322183] x86/fpu: xstate_offset[9]: 2432, xstate_sizes[9]:    8
[    0.323252] x86/fpu: xstate_offset[11]: 2440, xstate_sizes[11]:   16
[    0.324346] x86/fpu: Enabled xstate features 0xae7, context size is 2456 bytes, using 'compacted' format.
[    0.347927] Freeing SMP alternatives memory: 40K
[    0.348755] pid_max: default: 32768 minimum: 301
[    0.350400] LSM: initializing lsm=lockdown,capability,landlock,yama,apparmor,tomoyo,bpf,ipe,ima,evm
[    0.352088] landlock: Up and running.
[    0.353119] Yama: disabled by default; enable with sysctl kernel.yama.*
[    0.354390] AppArmor: AppArmor initialized
[    0.355129] TOMOYO Linux initialized
[    0.355947] LSM support for eBPF active
[    0.356727] Mount-cache hash table entries: 8192 (order: 4, 65536 bytes, linear)
[    0.357171] Mountpoint-cache hash table entries: 8192 (order: 4, 65536 bytes, linear)
[    0.359081] smpboot: CPU0: AMD Ryzen 7 7840U w/ Radeon  780M Graphics (family: 0x19, model: 0x74, stepping: 0x1)
[    0.361115] Performance Events: Fam17h+ core perfctr, AMD PMU driver.
[    0.361115] ... version:                2
[    0.361119] ... bit width:              48
[    0.361832] ... generic registers:      6
[    0.362564] ... value mask:             0000ffffffffffff
[    0.363588] ... max period:             00007fffffffffff
[    0.364518] ... fixed-purpose events:   0
[    0.365123] ... event mask:             000000000000003f
[    0.366201] signal: max sigframe size: 3376
[    0.367035] rcu: Hierarchical SRCU implementation.
[    0.367866] rcu: 	Max phase no-delay instances is 1000.
[    0.368874] Timer migration: 1 hierarchy levels; 8 children per group; 1 crossnode level
[    0.372371] smp: Bringing up secondary CPUs ...
[    0.373414] smpboot: x86: Booting SMP configuration:
[    0.374276] .... node  #0, CPUs:      #1 #2 #3
[    0.374953] smp: Brought up 1 node, 4 CPUs
[    0.377899] smpboot: Total of 4 processors activated (26350.51 BogoMIPS)
[    0.385122] node 0 deferred pages initialised in 8ms
[    0.385151] Memory: 3835652K/4187848K available (16384K kernel code, 2498K rwdata, 11816K rodata, 4168K init, 4908K bss, 346716K reserved, 0K cma-reserved)
[    0.389288] devtmpfs: initialized
[    0.389759] x86/mm: Memory block size: 128MB
[    0.391176] ACPI: PM: Registering ACPI NVS region [mem 0x00800000-0x00807fff] (32768 bytes)
[    0.391176] ACPI: PM: Registering ACPI NVS region [mem 0x0080b000-0x0080bfff] (4096 bytes)
[    0.393130] ACPI: PM: Registering ACPI NVS region [mem 0x00814000-0x008fffff] (966656 bytes)
[    0.394625] ACPI: PM: Registering ACPI NVS region [mem 0x7fb7f000-0x7fbfefff] (524288 bytes)
[    0.396094] ACPI: PM: Registering ACPI NVS region [mem 0x7ff60000-0x7fffffff] (655360 bytes)
[    0.397225] clocksource: jiffies: mask: 0xffffffff max_cycles: 0xffffffff, max_idle_ns: 7645041785100000 ns
[    0.398899] futex hash table entries: 1024 (order: 4, 65536 bytes, linear)
[    0.400164] pinctrl core: initialized pinctrl subsystem
[    0.402826] NET: Registered PF_NETLINK/PF_ROUTE protocol family
[    0.404336] DMA: preallocated 512 KiB GFP_KERNEL pool for atomic allocations
[    0.405496] DMA: preallocated 512 KiB GFP_KERNEL|GFP_DMA pool for atomic allocations
[    0.407068] DMA: preallocated 512 KiB GFP_KERNEL|GFP_DMA32 pool for atomic allocations
[    0.408576] audit: initializing netlink subsys (disabled)
[    0.409194] audit: type=2000 audit(1783840524.831:1): state=initialized audit_enabled=0 res=1
[    0.409360] thermal_sys: Registered thermal governor 'fair_share'
[    0.410644] thermal_sys: Registered thermal governor 'bang_bang'
[    0.411841] thermal_sys: Registered thermal governor 'step_wise'
[    0.413124] thermal_sys: Registered thermal governor 'user_space'
[    0.414167] thermal_sys: Registered thermal governor 'power_allocator'
[    0.417123] cpuidle: using governor ladder
[    0.418962] cpuidle: using governor menu
[    0.422091] efi: Freeing EFI boot services memory: 37616K
[    0.423030] acpiphp: ACPI Hot Plug PCI Controller Driver version: 0.5
[    0.423030] PCI: ECAM [mem 0xe0000000-0xefffffff] (base 0xe0000000) for domain 0000 [bus 00-ff]
[    0.423030] PCI: Using configuration type 1 for base access
[    0.425161] kprobes: kprobe jump-optimization is enabled. All kprobes are optimized if possible.
[    0.429307] HugeTLB: registered 1.00 GiB page size, pre-allocated 0 pages
[    0.429307] HugeTLB: 16380 KiB vmemmap can be freed for a 1.00 GiB page
[    0.430262] HugeTLB: registered 2.00 MiB page size, pre-allocated 0 pages
[    0.431428] HugeTLB: 28 KiB vmemmap can be freed for a 2.00 MiB page
[    0.433349] ACPI: Added _OSI(Module Device)
[    0.434038] ACPI: Added _OSI(Processor Device)
[    0.434810] ACPI: Added _OSI(Processor Aggregator Device)
[    0.438228] ACPI: 1 ACPI AML tables successfully acquired and loaded
[    0.445857] ACPI: Interpreter enabled
[    0.446374] ACPI: PM: (supports S0 S3 S4 S5)
[    0.446374] ACPI: Using IOAPIC for interrupt routing
[    0.446374] PCI: Using host bridge windows from ACPI; if necessary, use "pci=nocrs" and report a bug
[    0.447599] PCI: Using E820 reservations for host bridge windows
[    0.448737] ACPI: Enabled 2 GPEs in block 00 to 3F
[    0.452249] ACPI: PCI Root Bridge [PCI0] (domain 0000 [bus 00-ff])
[    0.453124] acpi PNP0A08:00: _OSC: OS supports [ExtendedConfig ASPM ClockPM Segments MSI HPX-Type3]
[    0.454735] acpi PNP0A08:00: _OSC: platform does not support [PCIeHotplug LTR]
[    0.456151] acpi PNP0A08:00: _OSC: OS now controls [SHPCHotplug PME AER PCIeCapability]
[    0.457329] PCI host bridge to bus 0000:00
[    0.458062] pci_bus 0000:00: root bus resource [io  0x0000-0x0cf7 window]
[    0.459247] pci_bus 0000:00: root bus resource [io  0x0d00-0xffff window]
[    0.460414] pci_bus 0000:00: root bus resource [mem 0x000a0000-0x000bffff window]
[    0.465120] pci_bus 0000:00: root bus resource [mem 0x80000000-0xdfffffff window]
[    0.466427] pci_bus 0000:00: root bus resource [mem 0xf0000000-0xfebfffff window]
[    0.467710] pci_bus 0000:00: root bus resource [mem 0x380000000000-0x3807ffffffff window]
[    0.469111] pci_bus 0000:00: root bus resource [bus 00-ff]
[    0.469184] pci 0000:00:00.0: [8086:29c0] type 00 class 0x060000 conventional PCI endpoint
[    0.471297] pci 0000:00:01.0: [8086:10d3] type 00 class 0x020000 PCIe Root Complex Integrated Endpoint
[    0.474040] pci 0000:00:01.0: BAR 0 [mem 0x80060000-0x8007ffff]
[    0.476592] pci 0000:00:01.0: BAR 1 [mem 0x80040000-0x8005ffff]
[    0.478564] pci 0000:00:01.0: BAR 2 [io  0x60e0-0x60ff]
[    0.481121] pci 0000:00:01.0: BAR 3 [mem 0x80080000-0x80083fff]
[    0.486219] pci 0000:00:01.0: ROM [mem 0xfffc0000-0xffffffff pref]
[    0.487380] pci 0000:00:01.0: enabling Extended Tags
[    0.489465] pci 0000:00:02.0: [1af4:1050] type 00 class 0x038000 conventional PCI endpoint
[    0.493123] pci 0000:00:02.0: BAR 1 [mem 0x80086000-0x80086fff]
[    0.496783] pci 0000:00:02.0: BAR 4 [mem 0x380000000000-0x380000003fff 64bit pref]
[    0.498700] pci 0000:00:03.0: [1af4:1001] type 00 class 0x010000 conventional PCI endpoint
[    0.501068] pci 0000:00:03.0: BAR 0 [io  0x6000-0x607f]
[    0.506206] pci 0000:00:03.0: BAR 1 [mem 0x80085000-0x80085fff]
[    0.511282] pci 0000:00:03.0: BAR 4 [mem 0x380000004000-0x380000007fff 64bit pref]
[    0.514231] pci 0000:00:1f.0: [8086:2918] type 00 class 0x060100 conventional PCI endpoint
[    0.516278] pci 0000:00:1f.0: quirk: [io  0x0600-0x067f] claimed by ICH6 ACPI/GPIO/TCO
[    0.517445] pci 0000:00:1f.2: [8086:2922] type 00 class 0x010601 conventional PCI endpoint
[    0.522907] pci 0000:00:1f.2: BAR 4 [io  0x60c0-0x60df]
[    0.524610] pci 0000:00:1f.2: BAR 5 [mem 0x80084000-0x80084fff]
[    0.526295] pci 0000:00:1f.3: [8086:2930] type 00 class 0x0c0500 conventional PCI endpoint
[    0.531045] pci 0000:00:1f.3: BAR 4 [io  0x6080-0x60bf]
[    0.534728] ACPI: PCI: Interrupt link LNKA configured for IRQ 10
[    0.535884] ACPI: PCI: Interrupt link LNKB configured for IRQ 10
[    0.537265] ACPI: PCI: Interrupt link LNKC configured for IRQ 11
[    0.538406] ACPI: PCI: Interrupt link LNKD configured for IRQ 11
[    0.539689] ACPI: PCI: Interrupt link LNKE configured for IRQ 10
[    0.541102] ACPI: PCI: Interrupt link LNKF configured for IRQ 10
[    0.545264] ACPI: PCI: Interrupt link LNKG configured for IRQ 11
[    0.546457] ACPI: PCI: Interrupt link LNKH configured for IRQ 11
[    0.547552] ACPI: PCI: Interrupt link GSIA configured for IRQ 16
[    0.548617] ACPI: PCI: Interrupt link GSIB configured for IRQ 17
[    0.549141] ACPI: PCI: Interrupt link GSIC configured for IRQ 18
[    0.550190] ACPI: PCI: Interrupt link GSID configured for IRQ 19
[    0.551235] ACPI: PCI: Interrupt link GSIE configured for IRQ 20
[    0.552277] ACPI: PCI: Interrupt link GSIF configured for IRQ 21
[    0.553130] ACPI: PCI: Interrupt link GSIG configured for IRQ 22
[    0.554173] ACPI: PCI: Interrupt link GSIH configured for IRQ 23
[    0.557201] iommu: Default domain type: Translated
[    0.557977] iommu: DMA domain TLB invalidation policy: lazy mode
[    0.557977] pps_core: LinuxPPS API ver. 1 registered
[    0.558341] pps_core: Software ver. 5.3.6 - Copyright 2005-2007 Rodolfo Giometti <giometti@linux.it>
[    0.560225] PTP clock support registered
[    0.560999] EDAC MC: Ver: 3.0.0
[    0.561331] efivars: Registered efivars operations
[    0.565478] NetLabel: Initializing
[    0.566079] NetLabel:  domain hash size = 128
[    0.566830] NetLabel:  protocols = UNLABELED CIPSOv4 CALIPSO
[    0.566830] NetLabel:  unlabeled traffic allowed by default
[    0.566830] PCI: Using ACPI for IRQ routing
[    0.653151] vgaarb: loaded
[    0.653655] hpet0: at MMIO 0xfed00000, IRQs 2, 8, 0
[    0.654504] hpet0: 3 comparators, 64-bit 100.000000 MHz counter
[    0.661118] clocksource: Switched to clocksource kvm-clock
[    0.662101] VFS: Disk quotas dquot_6.6.0
[    0.662101] VFS: Dquot-cache hash table entries: 512 (order 0, 4096 bytes)
[    0.665479] AppArmor: AppArmor Filesystem Enabled
[    0.666322] pnp: PnP ACPI init
[    0.667081] system 00:05: [mem 0xe0000000-0xefffffff window] has been reserved
[    0.668602] pnp: PnP ACPI: found 6 devices
[    0.676488] clocksource: acpi_pm: mask: 0xffffff max_cycles: 0xffffff, max_idle_ns: 2085701024 ns
[    0.678155] NET: Registered PF_INET protocol family
[    0.679450] IP idents hash table entries: 65536 (order: 7, 524288 bytes, linear)
[    0.691401] tcp_listen_portaddr_hash hash table entries: 2048 (order: 3, 32768 bytes, linear)
[    0.692963] Table-perturb hash table entries: 65536 (order: 6, 262144 bytes, linear)
[    0.694352] TCP established hash table entries: 32768 (order: 6, 262144 bytes, linear)
[    0.695766] TCP bind hash table entries: 32768 (order: 8, 1048576 bytes, linear)
[    0.697153] TCP: Hash tables configured (established 32768 bind 32768)
[    0.699002] MPTCP token hash table entries: 4096 (order: 5, 98304 bytes, linear)
[    0.700303] UDP hash table entries: 2048 (order: 4, 65536 bytes, linear)
[    0.701528] UDP-Lite hash table entries: 2048 (order: 4, 65536 bytes, linear)
[    0.702816] NET: Registered PF_UNIX/PF_LOCAL protocol family
[    0.703802] NET: Registered PF_XDP protocol family
[    0.704637] pci 0000:00:01.0: ROM [mem 0xfffc0000-0xffffffff pref]: can't claim; no compatible bridge window
[    0.706337] pci 0000:00:01.0: ROM [mem 0x80000000-0x8003ffff pref]: assigned
[    0.707602] pci_bus 0000:00: resource 4 [io  0x0000-0x0cf7 window]
[    0.708790] pci_bus 0000:00: resource 5 [io  0x0d00-0xffff window]
[    0.709877] pci_bus 0000:00: resource 6 [mem 0x000a0000-0x000bffff window]
[    0.711084] pci_bus 0000:00: resource 7 [mem 0x80000000-0xdfffffff window]
[    0.712275] pci_bus 0000:00: resource 8 [mem 0xf0000000-0xfebfffff window]
[    0.713467] pci_bus 0000:00: resource 9 [mem 0x380000000000-0x3807ffffffff window]
[    0.714885] PCI: CLS 0 bytes, default 64
[    0.715636] PCI-DMA: Using software bounce buffering for IO (SWIOTLB)
[    0.715900] Trying to unpack rootfs image as initramfs...
[    0.716773] software IO TLB: mapped [mem 0x0000000077ebe000-0x000000007bebe000] (64MB)
[    0.719353] clocksource: tsc: mask: 0xffffffffffffffff max_cycles: 0x2f7a78d8787, max_idle_ns: 440795347541 ns
[    0.721607] Initialise system trusted keyrings
[    0.722398] Key type blacklist registered
[    0.723253] workingset: timestamp_bits=36 max_order=20 bucket_order=0
[    0.724625] zbud: loaded
[    0.725719] fuse: init (API version 7.41)
[    0.726698] integrity: Platform Keyring initialized
[    0.727579] integrity: Machine keyring initialized
[    0.739706] Key type asymmetric registered
[    0.740430] Asymmetric key parser 'x509' registered
[    1.149969] Freeing initrd memory: 123860K
[    1.159428] Block layer SCSI generic (bsg) driver version 0.4 loaded (major 246)
[    1.160982] io scheduler mq-deadline registered
[    1.164210] ledtrig-cpu: registered to indicate activity on CPUs
[    1.165322] shpchp: Standard Hot Plug PCI Controller Driver version: 0.4
[    1.167485] ACPI: \_SB_.GSIG: Enabled at IRQ 22
[    1.169735] ACPI: \_SB_.GSIH: Enabled at IRQ 23
[    1.171679] Serial: 8250/16550 driver, 4 ports, IRQ sharing enabled
[    1.173226] 00:03: ttyS0 at I/O 0x3f8 (irq = 4, base_baud = 115200) is a 16550A
[    1.175307] Linux agpgart interface v0.103
[    1.176704] i8042: PNP: PS/2 Controller [PNP0303:KBD,PNP0f13:MOU] at 0x60,0x64 irq 1,12
[    1.178925] serio: i8042 KBD port at 0x60,0x64 irq 1
[    1.179794] serio: i8042 AUX port at 0x60,0x64 irq 12
[    1.180848] mousedev: PS/2 mouse device common for all mice
[    1.181858] rtc_cmos 00:04: RTC can wake from S4
[    1.183411] input: AT Translated Set 2 keyboard as /devices/platform/i8042/serio0/input/input0
[    1.185049] rtc_cmos 00:04: registered as rtc0
[    1.185906] rtc_cmos 00:04: setting system clock to 2026-07-12T07:15:24 UTC (1783840524)
[    1.187478] rtc_cmos 00:04: alarms up to one day, y3k, 242 bytes nvram
[    1.189004] amd_pstate: The CPPC feature is supported but currently disabled by the BIOS.
[    1.189004] Please enable it if your BIOS has the CPPC option.
[    1.191395] amd_pstate: the _CPC object is not present in SBIOS or ACPI disabled
[    1.192909] NET: Registered PF_INET6 protocol family
[    1.198822] Segment Routing with IPv6
[    1.199835] In-situ OAM (IOAM) with IPv6
[    1.200570] mip6: Mobile IPv6
[    1.201116] NET: Registered PF_PACKET protocol family
[    1.202074] mpls_gso: MPLS GSO support
[    1.203263] IPI shorthand broadcast: enabled
[    1.206010] sched_clock: Marking stable (984488229, 218641971)->(1209727037, -6596837)
[    1.207726] registered taskstats version 1
[    1.208648] Loading compiled-in X.509 certificates
[    1.221721] Loaded X.509 cert 'Build time autogenerated kernel key: 4aed3d736438d0693f59cb7ff0f8502ee6f22ff2'
[    1.225864] Demotion targets for Node 0: null
[    1.226910] Key type .fscrypt registered
[    1.227605] Key type fscrypt-provisioning registered
[    1.238977] cryptd: max_cpu_qlen set to 1000
[    1.250925] AES CTR mode by8 optimization enabled
[    1.284322] Key type encrypted registered
[    1.285259] AppArmor: AppArmor sha256 policy hashing enabled
[    1.286314] ima: No TPM chip found, activating TPM-bypass!
[    1.287279] ima: Allocated hash algorithm: sha256
[    1.288095] ima: No architecture policies found
[    1.288920] evm: Initialising EVM extended attributes:
[    1.289805] evm: security.selinux
[    1.290386] evm: security.SMACK64 (disabled)
[    1.291136] evm: security.SMACK64EXEC (disabled)
[    1.291938] evm: security.SMACK64TRANSMUTE (disabled)
[    1.292877] evm: security.SMACK64MMAP (disabled)
[    1.293739] evm: security.apparmor
[    1.294336] evm: security.ima
[    1.294889] evm: security.capability
[    1.295514] evm: HMAC attrs: 0x1
[    1.314545] RAS: Correctable Errors collector initialized.
[    1.317967] clk: Disabling unused clocks
[    1.318680] PM: genpd: Disabling unused power domains
[    1.323088] Freeing unused decrypted memory: 2028K
[    1.324687] Freeing unused kernel image (initmem) memory: 4168K
[    1.325498] Write protecting the kernel read-only data: 28672k
[    1.326473] Freeing unused kernel image (rodata/data gap) memory: 472K
[    1.361211] x86/mm: Checked W+X mappings: passed, no W+X pages found.
[    1.362041] Run /init as init process
[    1.372974] systemd[1]: Inserted module 'autofs4'
[    1.396651] systemd[1]: Successfully made /usr/ read-only.
[!p]104[?7h[    1.397736] systemd[1]: systemd 257.13-1~deb13u1 running in system mode (+PAM +AUDIT +SELINUX +APPARMOR +IMA +IPE +SMACK +SECCOMP +GCRYPT -GNUTLS +OPENSSL +ACL +BLKID +CURL +ELFUTILS +FIDO2 +IDN2 -IDN +IPTC +KMOD +LIBCRYPTSETUP +LIBCRYPTSETUP_PLUGINS +LIBFDISK +PCRE2 +PWQUALITY +P11KIT +QRENCODE +TPM2 +BZIP2 +LZ4 +XZ +ZLIB +ZSTD +BPF_FRAMEWORK +BTF -XKBCOMMON -UTMP +SYSVINIT +LIBARCHIVE)
[    1.401763] systemd[1]: Detected virtualization kvm.
[    1.402380] systemd[1]: Detected architecture x86-64.
[    1.403005] systemd[1]: Running in initrd.
[0;1;39mBooting initrd of [0m[1mDebian GNU/Linux 13 (trixie)[0m[0;1;39m.[0m
[    1.406374] systemd[1]: Hostname set to <arlen>.
[    1.407029] systemd[1]: Initializing machine ID from random generator.
[    1.480783] systemd[1]: Queued start job for default target initrd.target.
[    1.520618] systemd[1]: Created slice system-modprobe.slice - Slice /system/modprobe.
[[0;32m  OK  [0m] Created slice [0;1;39msystem-modprobe.slice[0m - Slice /system/modprobe.
[    1.524519] systemd[1]: Created slice system-systemd\x2dpcrfs.slice - Slice /system/systemd-pcrfs.
[[0;32m  OK  [0m] Created slice [0;1;39msystem-systemd\x2dpc…lice[0m - Slice /system/systemd-pcrfs.
[    1.527827] systemd[1]: Started systemd-ask-password-console.path - Dispatch Password Requests to Console Directory Watch.
[[0;32m  OK  [0m] Started [0;1;39msystemd-ask-password-conso…[0mequests to Console Directory Watch.
[    1.531329] systemd[1]: Set up automount proc-sys-fs-binfmt_misc.automount - Arbitrary Executable File Formats File System Automount Point.
[[0;32m  OK  [0m] Set up automount [0;1;39mproc-sys-fs-binfm…[0mormats File System Automount Point.
[    1.534923] systemd[1]: Expecting device dev-gpt\x2dauto\x2droot.device - /dev/gpt-auto-root...
         Expecting device [0;1;39mdev-gpt\x2dauto\x…root.device[0m - /dev/gpt-auto-root...
[    1.537260] systemd[1]: Reached target initrd-usr-fs.target - Initrd /usr File System.
[[0;32m  OK  [0m] Reached target [0;1;39minitrd-usr-fs.target[0m - Initrd /usr File System.
[    1.539453] systemd[1]: Reached target integritysetup.target - Local Integrity Protected Volumes.
[[0;32m  OK  [0m] Reached target [0;1;39mintegritysetup.targ…[0m Local Integrity Protected Volumes.
[    1.541960] systemd[1]: Reached target paths.target - Path Units.
[[0;32m  OK  [0m] Reached target [0;1;39mpaths.target[0m - Path Units.
[    1.543821] systemd[1]: Reached target remote-cryptsetup.target - Remote Encrypted Volumes.
[[0;32m  OK  [0m] Reached target [0;1;39mremote-cryptsetup.target[0m - Remote Encrypted Volumes.
[    1.546206] systemd[1]: Reached target remote-veritysetup.target - Remote Verity Protected Volumes.
[[0;32m  OK  [0m] Reached target [0;1;39mremote-veritysetup.…[0m - Remote Verity Protected Volumes.
[    1.548706] systemd[1]: Reached target slices.target - Slice Units.
[[0;32m  OK  [0m] Reached target [0;1;39mslices.target[0m - Slice Units.
[    1.550524] systemd[1]: Reached target swap.target - Swaps.
[[0;32m  OK  [0m] Reached target [0;1;39mswap.target[0m - Swaps.
[    1.552132] systemd[1]: Reached target veritysetup.target - Local Verity Protected Volumes.
[[0;32m  OK  [0m] Reached target [0;1;39mveritysetup.target[0m - Local Verity Protected Volumes.
[    1.555555] systemd[1]: Listening on systemd-creds.socket - Credential Encryption/Decryption.
[[0;32m  OK  [0m] Listening on [0;1;39msystemd-creds.socket[0m - Credential Encryption/Decryption.
[    1.558942] systemd[1]: Listening on systemd-initctl.socket - initctl Compatibility Named Pipe.
[[0;32m  OK  [0m] Listening on [0;1;39msystemd-initctl.socke…[0m- initctl Compatibility Named Pipe.
[    1.562579] systemd[1]: Listening on systemd-journald-audit.socket - Journal Audit Socket.
[[0;32m  OK  [0m] Listening on [0;1;39msystemd-journald-audit.socket[0m - Journal Audit Socket.
[    1.565318] systemd[1]: Listening on systemd-journald-dev-log.socket - Journal Socket (/dev/log).
[[0;32m  OK  [0m] Listening on [0;1;39msystemd-journald-dev-…socket[0m - Journal Socket (/dev/log).
[    1.568118] systemd[1]: Listening on systemd-journald.socket - Journal Sockets.
[[0;32m  OK  [0m] Listening on [0;1;39msystemd-journald.socket[0m - Journal Sockets.
[    1.570496] systemd[1]: Listening on systemd-networkd.socket - Network Service Netlink Socket.
[[0;32m  OK  [0m] Listening on [0;1;39msystemd-networkd.socket[0m - Network Service Netlink Socket.
[    1.573140] systemd[1]: systemd-pcrextend.socket - TPM PCR Measurements skipped, unmet condition check ConditionSecurity=measured-uki
[    1.574741] systemd[1]: systemd-pcrlock.socket - Make TPM PCR Policy skipped, unmet condition check ConditionSecurity=measured-uki
[    1.576834] systemd[1]: Listening on systemd-udevd-control.socket - udev Control Socket.
[[0;32m  OK  [0m] Listening on [0;1;39msystemd-udevd-control.socket[0m - udev Control Socket.
[    1.579672] systemd[1]: Listening on systemd-udevd-kernel.socket - udev Kernel Socket.
[[0;32m  OK  [0m] Listening on [0;1;39msystemd-udevd-kernel.socket[0m - udev Kernel Socket.
[    1.582799] systemd[1]: Mounting dev-hugepages.mount - Huge Pages File System...
         Mounting [0;1;39mdev-hugepages.mount[0m - Huge Pages File System...
[    1.585812] systemd[1]: Mounting dev-mqueue.mount - POSIX Message Queue File System...
         Mounting [0;1;39mdev-mqueue.mount[0m - POSIX Message Queue File System...
[    1.588810] systemd[1]: Mounting run-lock.mount - Legacy Locks Directory /run/lock...
         Mounting [0;1;39mrun-lock.mount[0m - Legacy Locks Directory /run/lock...
[    1.609254] systemd[1]: Mounting sys-kernel-debug.mount - Kernel Debug File System...
         Mounting [0;1;39msys-kernel-debug.mount[0m - Kernel Debug File System...
[    1.612408] systemd[1]: Mounting sys-kernel-tracing.mount - Kernel Trace File System...
         Mounting [0;1;39msys-kernel-tracing.mount[0m - Kernel Trace File System...
[    1.615484] systemd[1]: Mounting tmp.mount - Temporary Directory /tmp...
         Mounting [0;1;39mtmp.mount[0m - Temporary Directory /tmp...
[    1.618830] systemd[1]: Starting kmod-static-nodes.service - Create List of Static Device Nodes...
         Starting [0;1;39mkmod-static-nodes.service[0m…eate List of Static Device Nodes...
[    1.622015] systemd[1]: Starting modprobe@configfs.service - Load Kernel Module configfs...
         Starting [0;1;39mmodprobe@configfs.service[0m - Load Kernel Module configfs...
[    1.625866] systemd[1]: Starting modprobe@dm_mod.service - Load Kernel Module dm_mod...
         Starting [0;1;39mmodprobe@dm_mod.service[0m - Load Kernel Module dm_mod...
[    1.628991] systemd[1]: Starting modprobe@efi_pstore.service - Load Kernel Module efi_pstore...
         Starting [0;1;39mmodprobe@efi_pstore.servi…[0m - Load Kernel Module efi_pstore...
[    1.634831] systemd[1]: Starting modprobe@fuse.service - Load Kernel Module fuse...
         Starting [0;1;39mmodprobe@fuse.service[0m - Load Kernel Module fuse...
[    1.637290] pstore: Using crash dump compression: deflate
[    1.638043] systemd[1]: Starting modprobe@loop.service - Load Kernel Module loop...
         Starting [0;1;39mmodprobe@loop.service[0m - Load Kern[    1.641874] pstore: Registered efi_pstore as persistent store backend
el Module loop...
[    1.643456] systemd[1]: systemd-battery-check.service - Check battery level during early boot skipped, unmet condition check ConditionDirectoryNotEmpty=/sys/class/power_supply
[    1.645448] systemd[1]: systemd-bsod.service - Display Boot-Time Emergency Messages In Full Screen skipped, unmet condition check ConditionVirtualization=no
[    1.647454] systemd[1]: systemd-fsck-root.service - File System Check on Root Device skipped, unmet condition check ConditionPathIsReadWrite=!/
[    1.649102] systemd[1]: systemd-hibernate-clear.service - Clear Stale Hibernate Storage Info skipped, unmet condition check ConditionPathExists=!/etc/initrd-release
[    1.651055] systemd[1]: systemd-hwdb-update.service - Rebuild Hardware Database skipped, unmet condition check ConditionNeedsUpdate=/etc
[    1.653041] device-mapper: core: CONFIG_IMA_DISABLE_HTABLE is disabled. Duplicate IMA measurements will not be recorded in the IMA log.
[    1.654523] device-mapper: uevent: version 1.0.3
[    1.654930] loop: module loaded
[    1.655204] device-mapper: ioctl: 4.48.0-ioctl (2023-03-01) initialised: dm-devel@lists.linux.dev
[    1.657176] systemd[1]: Starting systemd-journald.service - Journal Service...
         Starting [0;1;39msystemd-journald.service[0m - Journal Service...
[    1.660316] systemd[1]: Starting systemd-modules-load.service - Load Kernel Modules...
         Starting [0;1;39msystemd-modules-load.service[0m - Load Kernel Modules...
[    1.663682] systemd[1]: Starting systemd-network-generator.service - Generate Network Units from Kernel Command Line...
         Starting [0;1;39msystemd-network-gener[    1.665479] systemd[1]: systemd-pcrmachine.service - TPM PCR Machine ID Measurement skipped, unmet condition check ConditionSecurity=measured-uki
ator…[0mk Uni[    1.667239] systemd[1]: systemd-pcrphase-initrd.service - TPM PCR Barrier (initrd) skipped, unmet condition check ConditionSecurity=measured-uki
ts from Kernel C[    1.668964] systemd[1]: Reached target cryptsetup.target - Local Encrypted Volumes.
ommand Line...
[[0;32m  OK  [0m] Reached target [0;1;39mcryp[    1.670686] systemd[1]: systemd-random-seed.service - Load/Save OS Random Seed skipped, unmet condition check ConditionPathExists=!/etc/initrd-release
tsetup.target[0[    1.672454] systemd[1]: systemd-tpm2-setup-early.service - Early TPM SRK Setup skipped, unmet condition check ConditionSecurity=measured-uki
m - Local Encryp[    1.674144] systemd[1]: systemd-tpm2-setup.service - TPM SRK Setup skipped, unmet condition check ConditionPathExists=!/etc/initrd-release
ted Volumes.
[    1.677021] systemd[1]: Starting systemd-udev-load-credentials.service - Load udev Rules from Credentials...
         Starting [0;1;39msystemd-udev-load-credent…[0mLoad udev Rules from Credentials...
[    1.682817] systemd[1]: Starting systemd-udev-trigger.service - Coldplug All udev Devices...
         Starting [0;1;39msystemd-udev-trigger.service[0m - Coldplug All udev Devices...
[    1.685172] systemd-journald[259]: Collecting audit messages is enabled.
[    1.686993] systemd[1]: Mounted dev-hugepages.mount - Huge Pages File System.
[[0;32m  OK  [0m] Mounted [0;1;39mdev-hugepages.mount[0m - Huge Pages File System.
[    1.689272] systemd[1]: Mounted dev-mqueue.mount - POSIX Message Queue File System.
[[0;32m  OK  [0m] Mounted [0;1;39mdev-mqueue.mount[0m - POSIX Message Queue File System.
[    1.691803] systemd[1]: Mounted run-lock.mount - Legacy Locks Directory /run/lock.
[[0;32m  OK  [0m] Mounted [0;1;39mrun-lock.mount[0m - Legacy Locks Directory /run/lock.
[    1.694248] systemd[1]: Mounted sys-kernel-debug.mount - Kernel Debug File System.
[[0;32m  OK  [0m] Mounted [0;1;39msys-kernel-debug.mount[0m - Kernel Debug File System.
[    1.696668] systemd[1]: Mounted sys-kernel-tracing.mount - Kernel Trace File System.
[[0;32m  OK  [0m] Mounted [0;1;39msys-kernel-tracing.mount[0m - Kernel Trace File System.
[    1.699064] systemd[1]: Mounted tmp.mount - Temporary Directory /tmp.
[[0;32m  OK  [0m] Mounted [0;1;39mtmp.mount[0m - Temporary Directory /tmp.
[    1.701201] systemd[1]: Finished kmod-static-nodes.service - Create List of Static Device Nodes.
[[0;32m  OK  [0m] Finished [0;1;39mkmod-static-nodes.service[0m…Create List of Static Device Nodes.
[    1.703745] audit: type=1130 audit(1783840525.016:2): pid=1 uid=0 auid=4294967295 ses=4294967295 subj=unconfined msg='unit=kmod-static-nodes comm="systemd" exe="/usr/lib/systemd/systemd" hostname=? addr=? terminal=? res=success'
[    1.703964] systemd[1]: modprobe@configfs.service: Deactivated successfully.
[    1.707801] systemd[1]: Finished modprobe@configfs.service - Load Kernel Module configfs.
[[0;32m  OK  [0m] Finished [0;1;39mmodprobe@configfs.service[0m - Load Kernel Module configfs.
[    1.710346] audit: type=1130 audit(1783840525.020:3): pid=1 uid=0 auid=4294967295 ses=4294967295 subj=unconfined msg='unit=modprobe@configfs comm="systemd" exe="/usr/lib/systemd/systemd" hostname=? addr=? terminal=? res=success'
[    1.710525] systemd[1]: Started systemd-journald.service - Journal Service.
[    1.713469] audit: type=1131 audit(1783840525.020:4): pid=1 uid=0 auid=4294967295 ses=4294967295 subj=unconfined msg='unit=modprobe@configfs comm="systemd" exe="/usr/lib/systemd/systemd" hostname=? addr=? terminal=? res=success'
[[0;32m  OK  [0m] Started [0;1;39msystemd-journald.service[0m - Journal Service.
[    1.718648] audit: type=1130 audit(1783840525.028:5): pid=1 uid=0 auid=4294967295 ses=4294967295 subj=unconfined msg='unit=systemd-journald comm="systemd" exe="/usr/lib/systemd/systemd" hostname=? addr=? terminal=? res=success'
[    1.501818] systemd[1]: modprobe@dm_mod.service: Deactivated successfully.
[    1.504272] systemd[1]: Finished modprobe@dm_mod.service - Load Kernel Module dm_mod.
[[0;32m  OK  [0m] Finished [0;1;39mmodprobe@dm_mod.service[0m - Load Kernel Module dm_mod.
[    1.725528] audit: type=1130 audit(1783840525.036:6): pid=1 uid=0 auid=4294967295 ses=4294967295 subj=unconfined msg='unit=modprobe@dm_mod comm="systemd" exe="/usr/lib/systemd/systemd" hostname=? addr=? terminal=? res=success'
[    1.728319] audit: type=1131 audit(1783840525.036:7): pid=1 uid=0 auid=4294967295 ses=4294967295 subj=unconfined msg='unit=modprobe@dm_mod comm="systemd" exe="/usr/lib/systemd/systemd" hostname=? addr=? terminal=? res=success'
[[0;32m  OK  [0m] Finished [0;1;39mmodprobe@efi_pstore.service[0m - Load Kernel Module efi_pstore.
[    1.732746] audit: type=1130 audit(1783840525.044:8): pid=1 uid=0 auid=4294967295 ses=4294967295 subj=unconfined msg='unit=modprobe@efi_pstore comm="systemd" exe="/usr/lib/systemd/systemd" hostname=? addr=? terminal=? res=success'
[    1.507353] systemd[1]: modprobe@efi_pstore.service: Deactivated successfully.[    1.735563] audit: type=1131 audit(1783840525.044:9): pid=1 uid=0 auid=4294967295 ses=4294967295 subj=unconfined msg='unit=modprobe@efi_pstore comm="systemd" exe="/usr/lib/systemd/systemd" hostname=? addr=? terminal=? res=success'

[[0;32m  OK  [0m] Finished [0;1;39mmodprobe@fuse.service[0m - Load Kernel Module fuse.
[    1.521500] systemd[1]: Finished modprobe@efi_pstore.service - Load Kernel Module efi_pstore.
[    1.524112] systemd[1]: modprobe@fuse.service[    1.743201] audit: type=1130 audit(1783840525.052:10): pid=1 uid=0 auid=4294967295 ses=4294967295 subj=unconfined msg='unit=modprobe@fuse comm="systemd" exe="/usr/lib/systemd/systemd" hostname=? addr=? terminal=? res=success'
: Deactivated successfully.
[    1.527735] systemd[1]: Finished modprobe@fuse.service - Load Kernel Module fuse.
[    1.529096] systemd[1]: modprobe@loop.service: Deactivated successfully.
[[0;32m  OK  [0m] Finished [0;1;39mmodprobe@loop.service[0m - Load Kernel Module loop.
[    1.530155] systemd[1]: Finished modprobe@loop.service - Load Kernel Module loop.
[[0;32m  OK  [0m] Finished [0;1;39msystemd-modules-load.service[0m - Load Kernel Modules.
[    1.532456] systemd[1]: Finished systemd-modules-load.service - Load Kernel Modules.
[[0;32m  OK  [0m] Finished [0;1;39msystemd-network-generator…[0mork Units from Kernel Command Line.
[    1.534956] systemd[1]: Finished systemd-network-generator.service - Generate Network Units from Kernel Command Line.
[    1.538107] systemd[1]: Finished systemd-udev-load-credentials.service - Load udev Rules from Credentials.
[[0;32m  OK  [0m] Finished [0;1;39msystemd-udev-load-credent…[0m- Load udev Rules from Credentials.
[[0;32m  OK  [0m] Finished [0;1;39msystemd-udev-trigger.service[0m - Coldplug All udev Devices.
[    1.541776] systemd[1]: Finished systemd-udev-trigger.service - Coldplug All udev Devices.
[[0;32m  OK  [0m] Reached target [0;1;39mnetwork-pre.target[0m - Preparation for Network.
[    1.550109] systemd[1]: Reached target network-pre.target - Preparation for Network.
         Mounting [0;1;39msys-fs-fuse-connections.mount[0m - FUSE Control File System...
[    1.552437] systemd[1]: Mounting sys-fs-fuse-connections.mount - FUSE Control File System...
         Mounting [0;1;39msys-kernel-config.mount[0m - Kernel Configuration File System...
[    1.554905] systemd[1]: Mounting sys-kernel-config.mount - Kernel Configuration File System...
[    1.557359] systemd[1]: systemd-journal-flush.service - Flush Journal to Persistent Storage skipped, unmet condition check ConditionPathExists=!/etc/initrd-release
[    1.559518] systemd[1]: systemd-pstore.service - Platform Persistent Storage Archival skipped, unmet condition check ConditionDirectoryNotEmpty=/sys/fs/pstore
[    1.561609] systemd[1]: systemd-repart.service - Repartition Root Disk skipped, no trigger condition checks were met.
[    1.574137] systemd[1]: Starting systemd-sysctl.service - Apply Kernel Variables...
         Starting [0;1;39msystemd-sysctl.service[0m - Apply Kernel Variables...
         Starting [0;1;39msystemd-tmpfiles-setup-de…[0m Device Nodes in /dev gracefully...
[[0;32m  OK  [0m] Mounted [0;1;39msys-fs-fuse-connections.mount[0m - FUSE Control File System.
[[0;32m  OK  [0m] Mounted [0;1;39msys-kernel-config.mount[0m - Kernel Configuration File System.
[    1.577265] systemd[1]: Starting systemd-tmpfiles-setup-dev-early.service - Create Static Device Nodes in /dev gracefully...
[    1.583306] systemd[1]: Mounted sys-fs-fuse-connections.mount - FUSE Control File System.
[    1.584633] systemd[1]: Mounted sys-kernel-config.mount - Kernel Configuration File System.
[[0;32m  OK  [0m] Finished [0;1;39msystemd-sysctl.service[0m - Apply Kernel Variables.
[    1.587841] systemd[1]: Finished systemd-sysctl.service - Apply Kernel Variables.
[[0;32m  OK  [0m] Finished [0;1;39msystemd-tmpfiles-setup-de…[0mic Device Nodes in /dev gracefully.
[    1.591337] systemd[1]: Finished systemd-tmpfiles-setup-dev-early.service - Create Static Device Nodes in /dev gracefully.
         Starting [0;1;39msystemd-tmpfiles-setup-de…[0meate Static Device Nodes in /dev...
[    1.595564] systemd[1]: systemd-sysusers.service - Create System Users skipped, no trigger condition checks were met.
[    1.597155] systemd[1]: Starting systemd-tmpfiles-setup-dev.service - Create Static Device Nodes in /dev...
[[0;32m  OK  [0m] Finished [0;1;39msystemd-tmpfiles-setup-de…[0mCreate Static Device Nodes in /dev.
[    1.610653] systemd[1]: Finished systemd-tmpfiles-setup-dev.service - Create Static Device Nodes in /dev.
[[0;32m  OK  [0m] Reached target [0;1;39mlocal-fs-pre.target[0m…Preparation for Local File Systems.
[[0;32m  OK  [0m] Reached target [0;1;39mlocal-fs.target[0m - Local File Systems.
[    1.615360] systemd[1]: Reached target local-fs-pre.target - Preparation for Local File Systems.
[[0;32m  OK  [0m] Listening on [0;1;39msystemd-sysext.socket[0m… System Extension Image Management.
[    1.618000] systemd[1]: Reached target local-fs.target - Local File Systems.
         Starting [0;1;39msystemd-tmpfiles-setup.se…[0mate System Files and Directories...
[    1.619096] systemd[1]: Listening on systemd-sysext.socket - System Extension Image Management.
         Starting [0;1;39msystemd-udevd.service[0m - R…ager for Device Events and Files...
[    1.622846] systemd[1]: systemd-binfmt.service - Set Up Additional Binary Formats skipped, no trigger condition checks were met.
[    1.624642] systemd[1]: systemd-confext.service - Merge System Configuration Images into /etc/ skipped, no trigger condition checks were met.
[    1.626571] systemd[1]: systemd-sysext.service - Merge System Extension Images into /usr/ and /opt/ skipped, no trigger condition checks were met.
[    1.628537] systemd[1]: Starting systemd-tmpfiles-setup.service - Create System Files and Directories...
[    1.630060] systemd[1]: Starting systemd-udevd.service - Rule-based Manager for Device Events and Files...
[    1.633643] systemd-tmpfiles[301]: [0;1;39m/usr/lib/tmpfiles.d/legacy.conf:14: Duplicate line for path "/run/lock", ignoring.[0m
[[0;32m  OK  [0m] Finished [0;1;39msystemd-tmpfiles-setup.se…[0mreate System Files and Directories.
[    1.642046] systemd[1]: Finished systemd-tmpfiles-setup.service - Create System Files and Directories.
[    1.645175] systemd[1]: ldconfig.service - Rebuild Dynamic Linker Cache skipped, no trigger condition checks were met.
[    1.646805] systemd[1]: systemd-firstboot.service - First Boot Wizard skipped, unmet condition check ConditionFirstBoot=yes
[    1.648462] systemd[1]: first-boot-complete.target - First Boot Complete skipped, unmet condition check ConditionFirstBoot=yes
[    1.650196] systemd[1]: systemd-journal-catalog-update.service - Rebuild Journal Catalog skipped, unmet condition check ConditionNeedsUpdate=/var
[    1.652158] systemd[1]: systemd-machine-id-commit.service - Save Transient machine-id to Disk skipped, unmet condition check ConditionPathIsMountPoint=/etc/machine-id
[[0;32m  OK  [0m] Started [0;1;39msystemd-udevd.service[0m - Ru…anager for Device Events and Files.
[    1.655707] systemd[1]: systemd-update-done.service - Update is Completed skipped, no trigger condition checks were met.
[[0;32m  OK  [0m] Reached target [0;1;39msysinit.target[0m - System Initialization.
[[0;32m  OK  [0m] Reached target [0;1;39mtimers.target[0m - Timer Units.
[[0;32m  OK  [0m] Listening on [0;1;39msystemd-hostnamed.socket[0m - Hostname Service Socket.
[    1.661521] systemd-udevd[302]: Using default interface naming scheme 'v257'.
[[0;32m  OK  [0m] Reached target [0;1;39msockets.target[0m - Socket Units.
[[0;32m  OK  [0m] Reached target [0;1;39mbasic.target[0m - Basic System.
[    1.664983] systemd[1]: Started systemd-udevd.service - Rule-based Manager for Device Events and Files.
[    1.666424] systemd[1]: Reached target sysinit.target - System Initialization.
[    1.667560] systemd[1]: systemd-tmpfiles-clean.timer - Daily Cleanup of Temporary Directories skipped, unmet condition check ConditionPathExists=!/etc/initrd-release
[    1.669734] systemd[1]: Reached target timers.target - Timer Units.
[    1.670742] systemd[1]: Listening on systemd-hostnamed.socket - Hostname Service Socket.
[    1.671974] systemd[1]: Reached target sockets.target - Socket Units.
[    1.673161] systemd[1]: systemd-pcrphase-sysinit.service - TPM PCR Barrier (Initialization) skipped, unmet condition check ConditionSecurity=measured-uki
[    1.675372] systemd[1]: Reached target basic.target - Basic System.
[    1.676450] systemd[1]: [0;1;39mSystem is tainted: unmerged-bin[0m
[    1.677486] systemd[1]: systemd-pcrphase.service - TPM PCR Barrier (User) skipped, unmet condition check ConditionSecurity=measured-uki
[    1.924321] input: PC Speaker as /devices/platform/pcspkr/input/input2
[    1.926594] lpc_ich 0000:00:1f.0: I/O space for GPIO uninitialized
[    1.937530] e1000e: Intel(R) PRO/1000 Network Driver
[    1.938150] e1000e: Copyright(c) 1999 - 2015 Intel Corporation.
[    1.939197] ACPI: \_SB_.GSIF: Enabled at IRQ 21
[    1.940165] e1000e 0000:00:01.0: Interrupt Throttling Rate (ints/sec) set to dynamic conservative mode
[    1.942613] input: Power Button as /devices/LNXSYSTM:00/LNXPWRBN:00/input/input3
[    1.942738] virtio_blk virtio1: 4/0/0 default/read/poll queues
[    1.945378] input: VirtualPS/2 VMware VMMouse as /devices/platform/i8042/serio1/input/input5
[    1.951719] SCSI subsystem initialized
[    1.951776] parport_pc 00:02: reported by Plug and Play ACPI
[    1.953378] parport0: PC-style at 0x378, irq 7 [PCSPP,TRISTATE]
[    1.954070] virtio_blk virtio1: [vda] 8969272 512-byte logical blocks (4.59 GB/4.28 GiB)
[    1.955512] ACPI: \_SB_.GSIA: Enabled at IRQ 16
[    1.960675] input: VirtualPS/2 VMware VMMouse as /devices/platform/i8042/serio1/input/input4
[    1.960869] i801_smbus 0000:00:1f.3: Enabling SMBus device
[    1.962595] i801_smbus 0000:00:1f.3: SMBus using PCI interrupt
[    1.964060] ACPI: button: Power Button [PWRF]
[    1.975489] i2c i2c-0: Memory type 0x07 not supported yet, not instantiating SPD
[    1.978410]  vda: vda1 vda2
[    1.987993] e1000e 0000:00:01.0 0000:00:01.0 (uninitialized): registered PHC clock
[    1.995381] ahci 0000:00:1f.2: AHCI vers 0001.0000, 32 command slots, 1.5 Gbps, SATA mode
[    1.996370] ahci 0000:00:1f.2: 6/6 ports implemented (port mask 0x3f)
[    1.997194] ahci 0000:00:1f.2: flags: 64bit ncq only 
[    2.006327] scsi host0: ahci
[    2.014991] iTCO_vendor_support: vendor-support=0
[    2.015681] ACPI: bus type drm_connector registered
[    2.022948] scsi host1: ahci
[    2.024802] iTCO_wdt iTCO_wdt.1.auto: Found a ICH9 TCO device (Version=2, TCOBASE=0x0660)
[    2.026717] scsi host2: ahci
[    2.027511] iTCO_wdt iTCO_wdt.1.auto: initialized. heartbeat=30 sec (nowayout=0)
[    1.819306] systemd[1]: Found device dev-gpt\x2dauto\x2droot.[    2.038744] scsi host3: ahci
device - /dev/gpt-auto-root.
[    2.039762] scsi host4: ahci
[[0;32m  OK  [0m] Found device [0;1;39mdev-gpt\x2dauto\x2droot.device[0m - /dev/gpt-auto-root.
[[0;32m  OK  [0m] Reached target [0;1;39minitrd-root-device.target[0m - Initrd Root Device.
[    1.823422] systemd[1]: Reached target initrd-root-device.target - Initrd Root Device.
[    2.047644] scsi host5: ahci
[    2.048127] ata1: SATA max UDMA/133 abar m4096@0x80084000 port 0x80084100 irq 32 lpm-pol 1
[    2.049260] e1000e 0000:00:01.0 eth0: (PCI Express:2.5GT/s:Width x1) 52:54:00:12:34:56
[    2.049279] ata2: SATA max UDMA/133 abar m4096@0x80084000 port 0x80084180 irq 32 lpm-pol 1
[    2.050214] e1000e 0000:00:01.0 eth0: Intel(R) PRO/1000 Network Connection
[    2.051211] ata3: SATA max UDMA/133 abar m4096@0x80084000 port 0x80084200 irq 32 lpm-pol 1
[    2.052082] e1000e 0000:00:01.0 eth0: MAC: 3, PHY: 8, PBA No: 000000-000
[    2.053030] ata4: SATA max UDMA/133 abar m4096@0x80084000 port 0x80084280 irq 32 lpm-pol 1
[    2.054829] ata5: SATA max UDMA/133 abar m4096@0x80084000 port 0x80084300 irq 32 lpm-pol 1
[    2.055818] ata6: SATA max UDMA/133 abar m4096@0x80084000 port 0x80084380 irq 32 lpm-pol 1
         Starting [0;1;39msystemd-networkd.service[0m - Network Configuration...
[    1.838930] systemd[1]: Starting systemd-networkd.service - Network Configuration...
[    2.060714] e1000e 0000:00:01.0 enp0s1: renamed from eth0
[    2.084126] ppdev: user-space parallel port driver
[    2.085247] [drm] pci: virtio-gpu-pci detected at 0000:00:02.0
[    2.086260] [drm] features: -virgl +edid -resource_blob -host_visible
[    2.086263] [drm] features: -context_init
[    2.088456] [drm] number of scanouts: 1
[    2.088972] [drm] number of cap sets: 0
[    2.090043] [drm] Initialized virtio_gpu 0.1.0 for 0000:00:02.0 on minor 0
[    2.093410] Console: switching to colour frame buffer device 160x50
[    2.097452] virtio-pci 0000:00:02.0: [drm] fb0: virtio_gpudrmfb frame buffer device
[    1.898721] systemd[1]: systemd-rfkill.socket - Load/Save RF Kill Switch Status /dev/rfkill Watch skipped, unmet condition check ConditionPathExists=!/etc/initrd-release
[    2.366359] ata1: SATA link down (SStatus 0 SControl 300)
[    2.368395] ata3: SATA link up 1.5 Gbps (SStatus 113 SControl 300)
[    2.369678] ata3.00: LPM support broken, forcing max_power
[    2.370609] ata3.00: ATAPI: QEMU DVD-ROM, 2.5+, max UDMA/100
[    2.371577] ata3.00: applying bridge limits
[    2.372464] ata6: SATA link down (SStatus 0 SControl 300)
[    2.373663] ata5: SATA link down (SStatus 0 SControl 300)
[    2.374889] ata4: SATA link down (SStatus 0 SControl 300)
[    2.376113] ata2: SATA link down (SStatus 0 SControl 300)
[    2.376960] ata3.00: LPM support broken, forcing max_power
[    2.377722] ata3.00: configured for UDMA/100
[    2.378678] scsi 2:0:0:0: CD-ROM            QEMU     QEMU DVD-ROM     2.5+ PQ: 0 ANSI: 5
[    2.446716] scsi 2:0:0:0: Attached scsi generic sg0 type 5
[    2.457586] kvm_amd: TSC scaling supported
[    2.458144] kvm_amd: Nested Virtualization enabled
[    2.458868] kvm_amd: Nested Paging enabled
[    2.459398] kvm_amd: LBR virtualization supported
[    2.459990] kvm_amd: Virtual GIF supported
[    2.460545] kvm_amd: Virtual NMI enabled
[    2.495688] cfg80211: Loading compiled-in X.509 certificates for regulatory database
[    2.501603] Loaded X.509 cert 'benh@debian.org: 577e021cb980e0e820821ba7b54b4961b8b4fadf'
[    2.503405] Loaded X.509 cert 'romain.perier@gmail.com: 3abbc6ec146e09d1b6016ab9d6cf71dd233f0328'
[    2.504556] Loaded X.509 cert 'sforshee: 00b28ddf47aef9cea7'
[    2.505375] Loaded X.509 cert 'wens: 61c038651aabdcf94bd0ac7ff06c7248db18c600'
[    2.506337] platform regulatory.0: firmware: failed to load regulatory.db (-2)
[    2.507993] platform regulatory.0: firmware: failed to load regulatory.db (-2)
[    2.508932] platform regulatory.0: firmware: failed to load regulatory.db (-2)
[    2.509838] platform regulatory.0: Direct firmware load for regulatory.db failed with error -2
[    2.510963] cfg80211: failed to load regulatory.db
[    2.511578] sr 2:0:0:0: [sr0] scsi3-mmc drive: 4x/4x cd/rw xa/form2 tray
[    2.296922] systemd-networkd[373]: lo: Link UP
[    2.297753] systemd-networkd[373]: lo: Gained carrier
[    2.298673] systemd-networkd[373]: sysctl monitor disabled, as BPF support is not available.
[[0;32m  OK  [0m] Started [0;1;39msystemd-networkd.service[0m - Network Configuration.
[    2.301707] systemd[1]: Started systemd-networkd.service - Network Configuration.
[[0;32m  OK  [0m] Reached target [0;1;39mnetwork.target[0m - Network.
[    2.302476] systemd[1]: Reached target network.target - Network.
[    2.306205] systemd[1]: systemd-networkd-persistent-storage.service - Enable Persistent Storage in systemd-networkd skipped, unmet condition check ConditionPathExists=!/etc/initrd-release
[    2.579169] cdrom: Uniform CD-ROM driver Revision: 3.20
         Mounting [0;1;39msysroot.mount[0m - Root Partition...
[    2.470589] systemd[1]: Mounting sysroot.mount - Root Partition...
[    2.817149] EXT4-fs (vda2): orphan cleanup on readonly fs
[    2.817966] EXT4-fs (vda2): mounted filesystem 461aba6a-a314-4ab1-9f9d-e1f9fb57f537 ro with ordered data mode. Quota mode: none.
[[0;32m  OK  [0m] Mounted [0;1;39msysroot.mount[0m - Root Partition.
[    2.602226] systemd[1]: Mounted sysroot.mount - Root Partition.
[[0;32m  OK  [0m] Reached target [0;1;39minitrd-root-fs.target[0m - Initrd Root File System.
[    2.605364] systemd[1]: systemd-pcrfs@sysroot.service - TPM PCR File System Measurement of /sysroot skipped, unmet condition check ConditionSecurity=measured-uki
         Starting [0;1;39minitrd-parse-etc.service[0m …ints Configured in the Real Root...
[    2.608841] systemd[1]: Reached target initrd-root-fs.target - Initrd Root File System.
[    2.610122] systemd[1]: Starting initrd-parse-etc.service - Mountpoints Configured in the Real Root...
[    2.639609] systemd[1]: initrd-parse-etc.service: Deactivated successfully.
[    2.640681] systemd[1]: Finished initrd-parse-etc.service - Mountpoints Configured in the Real Root.
[[0;32m  OK  [0m] Finished [0;1;39minitrd-parse-etc.service[0m …points Configured in the Real Root.
[[0;32m  OK  [0m] Reached target [0;1;39minitrd-fs.target[0m - Initrd File Systems.
[    2.644261] systemd[1]: Reached target initrd-fs.target - Initrd File Systems.
[[0;32m  OK  [0m] Reached target [0;1;39minitrd.target[0m - Initrd Default Target.
[    2.646515] systemd[1]: Reached target initrd.target - Initrd Default Target.
         Starting [0;1;39minitrd-cleanup.service[0m - …ing Up and Shutting Down Daemons...
[    2.649536] systemd[1]: Starting initrd-cleanup.service - Cleaning Up and Shutting Down Daemons...
[[0;32m  OK  [0m] Stopped target [0;1;39minitrd.target[0m - Initrd Default Target.
[    2.662586] systemd[1]: Stopped target initrd.target - Initrd Default Target.
[[0;32m  OK  [0m] Stopped target [0;1;39mbasic.target[0m - Basic System.
[    2.664886] systemd[1]: Stopped target basic.target - Basic System.
[[0;32m  OK  [0m] Stopped target [0;1;39minitrd-root-device.target[0m - Initrd Root Device.
[    2.666906] systemd[1]: Stopped target initrd-root-device.target - Initrd Root Device.
[[0;32m  OK  [0m] Stopped target [0;1;39minitrd-usr-fs.target[0m - Initrd /usr File System.
[    2.669733] systemd[1]: Stopped target initrd-usr-fs.target - Initrd /usr File System.
[[0;32m  OK  [0m] Stopped target [0;1;39mnetwork.target[0m - Network.
[    2.672247] systemd[1]: Stopped target network.target - Network.
[[0;32m  OK  [0m] Stopped target [0;1;39mpaths.target[0m - Path Units.
[    2.674160] systemd[1]: Stopped target paths.target - Path Units.
[[0;32m  OK  [0m] Stopped target [0;1;39mremote-cryptsetup.target[0m - Remote Encrypted Volumes.
[    2.676135] systemd[1]: Stopped target remote-cryptsetup.target - Remote Encrypted Volumes.
[[0;32m  OK  [0m] Stopped target [0;1;39mremote-veritysetup.…[0m - Remote Verity Protected Volumes.
[    2.678698] systemd[1]: Stopped target remote-veritysetup.target - Remote Verity Protected Volumes.
[[0;32m  OK  [0m] Stopped target [0;1;39mslices.target[0m - Slice Units.
[    2.681423] systemd[1]: Stopped target slices.target - Slice Units.
[[0;32m  OK  [0m] Stopped target [0;1;39msockets.target[0m - Socket Units.
[    2.683437] systemd[1]: Stopped target sockets.target - Socket Units.
[[0;32m  OK  [0m] Stopped target [0;1;39mtimers.target[0m - Timer Units.
[    2.685463] systemd[1]: Stopped target timers.target - Timer Units.
[    2.687484] systemd[1]: systemd-creds.socket: Deactivated successfully.
[[0;32m  OK  [0m] Closed [0;1;39msystemd-creds.socket[0m - Credential Encryption/Decryption.
[    2.689483] systemd[1]: Closed systemd-creds.socket - Credential Encryption/Decryption.
[    2.692316] systemd[1]: systemd-hostnamed.socket: Deactivated successfully.
[[0;32m  OK  [0m] Closed [0;1;39msystemd-hostnamed.socket[0m - Hostname Service Socket.
[    2.693361] systemd[1]: Closed systemd-hostnamed.socket - Hostname Service Socket.
[[0;32m  OK  [0m] Stopped target [0;1;39msysinit.target[0m - System Initialization.
[    2.695753] systemd[1]: Stopped target sysinit.target - System Initialization.
[[0;32m  OK  [0m] Stopped target [0;1;39mcryptsetup.target[0m - Local Encrypted Volumes.
[    2.698039] systemd[1]: Stopped target cryptsetup.target - Local Encrypted Volumes.
[    2.700425] systemd[1]: systemd-ask-password-console.path: Deactivated successfully.
[[0;32m  OK  [0m] Stopped [0;1;39msystemd-ask-password-conso…[0mequests to Console Directory Watch.
[    2.701650] systemd[1]: Stopped systemd-ask-password-console.path - Dispatch Password Requests to Console Directory Watch.
[[0;32m  OK  [0m] Stopped target [0;1;39mintegritysetup.targ…[0m Local Integrity Protected Volumes.
[    2.704784] systemd[1]: Stopped target integritysetup.target - Local Integrity Protected Volumes.
[[0;32m  OK  [0m] Stopped target [0;1;39mswap.target[0m - Swaps.
[    2.707562] systemd[1]: Stopped target swap.target - Swaps.
[[0;32m  OK  [0m] Stopped target [0;1;39mveritysetup.target[0m - Local Verity Protected Volumes.
[    2.709395] systemd[1]: Stopped target veritysetup.target - Local Verity Protected Volumes.
[    2.711987] systemd[1]: systemd-initctl.socket: Deactivated successfully.
[[0;32m  OK  [0m] Closed [0;1;39msystemd-initctl.socket[0m - initctl Compatibility Named Pipe.
[    2.713054] systemd[1]: Closed systemd-initctl.socket - initctl Compatibility Named Pipe.
[    2.715634] systemd[1]: systemd-sysext.socket: Deactivated successfully.
[[0;32m  OK  [0m] Closed [0;1;39msystemd-sysext.socket[0m - System Extension Image Management.
[    2.716758] systemd[1]: Closed systemd-sysext.socket - System Extension Image Management.
         Starting [0;1;39mmodprobe@dm_mod.service[0m - Load Kernel Module dm_mod...
[    2.720280] systemd[1]: Starting modprobe@dm_mod.service - Load Kernel Module dm_mod...
         Starting [0;1;39mmodprobe@loop.service[0m - Load Kernel Module loop...
[    2.724066] systemd[1]: Starting modprobe@loop.service - Load Kernel Module loop...
[    2.726247] systemd[1]: Stopping systemd-networkd.service - Network Configuration...
         Stopping [0;1;39msystemd-networkd.service[0m - Network Configuration...
[    2.728920] systemd[1]: systemd-pcrfs@sysroot.service - TPM PCR File System Measurement of /sysroot skipped, unmet condition check ConditionSecurity=measured-uki
[[0;32m  OK  [0m] Stopped [0;1;39msystemd-tmpfiles-setup.ser…[0mreate System Files and Directories.
[    2.729400] systemd[1]: systemd-tmpfiles-setup.service: Deactivated successfully.
[[0;32m  OK  [0m] Stopped target [0;1;39mlocal-fs.target[0m - Local File Systems.
[    2.734070] systemd[1]: Stopped systemd-tmpfiles-setup.service - Create System Files and Directories.
[[0;32m  OK  [0m] Stopped target [0;1;39mlocal-fs-pre.target[0m…Preparation for Local File Systems.
[    2.736476] systemd[1]: Stopped target local-fs.target - Local File Systems.
[[0;32m  OK  [0m] Stopped [0;1;39msystemd-udev-trigger.service[0m - Coldplug All udev Devices.
[    2.738867] systemd[1]: Stopped target local-fs-pre.target - Preparation for Local File Systems.
[    2.741473] systemd[1]: systemd-fsck-root.service - File System Check on Root Device skipped, unmet condition check ConditionPathIsReadWrite=!/
[    2.743425] systemd[1]: systemd-udev-trigger.service: Deactivated successfully.
[    2.744522] systemd[1]: Stopped systemd-udev-trigger.service - Coldplug All udev Devices.
[    2.747048] systemd[1]: initrd-cleanup.service: Deactivated successfully.
[[0;32m  OK  [0m] Finished [0;1;39minitrd-cleanup.service[0m - …aning Up and Shutting Down Daemons.
[    2.749718] systemd[1]: Finished initrd-cleanup.service - Cleaning Up and Shutting Down Daemons.
[[0;32m  OK  [0m] Finished [0;1;39mmodprobe@dm_mod.service[0m - Load Kernel Module dm_mod.
[    2.752570] systemd[1]: modprobe@dm_mod.service: Deactivated successfully.
[[0;32m  OK  [0m] Finished [0;1;39mmodprobe@loop.service[0m - Load Kernel Module loop.
[    2.754860] systemd[1]: Finished modprobe@dm_mod.service - Load Kernel Module dm_mod.
[    2.756216] systemd[1]: modprobe@loop.service: Deactivated successfully.
[    2.757320] systemd[1]: Finished modprobe@loop.service - Load Kernel Module loop.
[    2.774745] systemd[1]: systemd-networkd.service: Deactivated successfully.
[[0;32m  OK  [0m] Stopped [0;1;39msystemd-networkd.service[0m - Network Configuration.
[    2.775359] systemd[1]: Stopped systemd-networkd.service - Network Configuration.
[    2.779583] systemd[1]: Stopped target network-pre.target - Preparation for Network.
[[0;32m  OK  [0m] Stopped target [0;1;39mnetwork-pre.target[0m - Preparation for Network.
[    2.781920] systemd[1]: systemd-networkd.socket: Deactivated successfully.
[[0;32m  OK  [0m] Closed [0;1;39msystemd-networkd.socket[0m - Network Service Netlink Socket.
[    2.782410] systemd[1]: Closed systemd-networkd.socket - Network Service Netlink Socket.
[[0;32m  OK  [0m] Stopped [0;1;39msystemd-sysctl.service[0m - Apply Kernel Variables.
[    2.786528] systemd[1]: systemd-sysctl.service: Deactivated successfully.
[[0;32m  OK  [0m] Stopped [0;1;39msystemd-modules-load.service[0m - Load Kernel Modules.
         Stopping [0;1;39msystemd-udevd.service[0m - R…ager for Device Events and Files...
[    2.790445] systemd[1]: Stopped systemd-sysctl.service - Apply Kernel Variables.
[    2.791829] systemd[1]: systemd-modules-load.service: Deactivated successfully.
[    2.793131] systemd[1]: Stopped systemd-modules-load.service - Load Kernel Modules.
[    2.794338] systemd[1]: Stopping systemd-udevd.service - Rule-based Manager for Device Events and Files...
[    3.057947] systemd[1]: systemd-udevd.service: Deactivated successfully.
[[0;32m  OK  [0m] Stopped [0;1;39msystemd-udevd.service[0m - Ru…anager for Device Events and Files.
[    3.058504] systemd[1]: Stopped systemd-udevd.service - Rule-based Manager for Device Events and Files.
[[0;32m  OK  [0m] Closed [0;1;39msystemd-udevd-control.socket[0m - udev Control Socket.
[    3.060856] systemd[1]: systemd-udevd-control.socket: Deactivated successfully.
[[0;32m  OK  [0m] Closed [0;1;39msystemd-udevd-kernel.socket[0m - udev Kernel Socket.
[    3.061139] systemd[1]: Closed systemd-udevd-control.socket - udev Control Socket.
         Starting [0;1;39minitrd-udevadm-cleanup-db.service[0m - Cleanup udev Database...
[    3.067304] systemd[1]: systemd-udevd-kernel.socket: Deactivated successfully.
[[0;32m  OK  [0m] Stopped [0;1;39msystemd-network-generator.…[0mork Units from Kernel Command Line.
[    3.067857] systemd[1]: Closed systemd-udevd-kernel.socket - udev Kernel Socket.
[[0;32m  OK  [0m] Stopped [0;1;39msystemd-tmpfiles-setup-dev…[0mCreate Static Device Nodes in /dev.
[    3.071814] systemd[1]: Starting initrd-udevadm-cleanup-db.service - Cleanup udev Database...
[[0;32m  OK  [0m] Stopped [0;1;39msystemd-tmpfiles-setup-dev…[0mic Device Nodes in /dev gracefully.
[    3.074614] systemd[1]: systemd-network-generator.service: Deactivated successfully.
[[0;32m  OK  [0m] Stopped [0;1;39mkmod-static-nodes.service[0m …Create List of Static Device Nodes.
[    3.077010] systemd[1]: Stopped systemd-network-generator.service - Generate Network Units from Kernel Command Line.
[[0;32m  OK  [0m] Stopped [0;1;39msystemd-udev-load-credenti…[0m- Load udev Rules from Credentials.
[    3.079858] systemd[1]: systemd-tmpfiles-setup-dev.service: Deactivated successfully.
[    3.082516] systemd[1]: Stopped systemd-tmpfiles-setup-dev.service - Create Static Device Nodes in /dev.
[    3.083899] systemd[1]: systemd-tmpfiles-setup-dev-early.service: Deactivated successfully.
[    3.085108] systemd[1]: Stopped systemd-tmpfiles-setup-dev-early.service - Create Static Device Nodes in /dev gracefully.
[    3.086717] systemd[1]: kmod-static-nodes.service: Deactivated successfully.
[    3.087763] systemd[1]: Stopped kmod-static-nodes.service - Create List of Static Device Nodes.
[    3.089040] systemd[1]: systemd-udev-load-credentials.service: Deactivated successfully.
[    3.090297] systemd[1]: Stopped systemd-udev-load-credentials.service - Load udev Rules from Credentials.
[    3.100351] systemd[1]: initrd-udevadm-cleanup-db.service: Deactivated successfully.
[[0;32m  OK  [0m] Finished [0;1;39minitrd-udevadm-cleanup-db.service[0m - Cleanup udev Database.
[    3.101083] systemd[1]: Finished initrd-udevadm-cleanup-db.service - Cleanup udev Database.
[[0;32m  OK  [0m] Reached target [0;1;39minitrd-switch-root.target[0m - Switch Root.
[    3.104268] systemd[1]: Reached target initrd-switch-root.target - Switch Root.
         Starting [0;1;39minitrd-switch-root.service[0m - Switch Root...
[    3.106734] systemd[1]: Starting initrd-switch-root.service - Switch Root...
[    3.131965] systemd[1]: [0;1;39mSwitching root.[0m
[    3.428674] systemd-journald[259]: Received SIGTERM from PID 1 (systemd).
[!p]104[?7h[    3.540113] systemd[1]: systemd 257.13-1~deb13u1 running in system mode (+PAM +AUDIT +SELINUX +APPARMOR +IMA +IPE +SMACK +SECCOMP +GCRYPT -GNUTLS +OPENSSL +ACL +BLKID +CURL +ELFUTILS +FIDO2 +IDN2 -IDN +IPTC +KMOD +LIBCRYPTSETUP +LIBCRYPTSETUP_PLUGINS +LIBFDISK +PCRE2 +PWQUALITY +P11KIT +QRENCODE +TPM2 +BZIP2 +LZ4 +XZ +ZLIB +ZSTD +BPF_FRAMEWORK +BTF -XKBCOMMON -UTMP +SYSVINIT +LIBARCHIVE)
[    3.544202] systemd[1]: Detected virtualization kvm.
[    3.544835] systemd[1]: Detected architecture x86-64.
[    3.545632] systemd[1]: Detected first boot.

[0;1;39mWelcome to [0m[1mDebian GNU/Linux 13 (trixie)[0m[0;1;39m![0m

[    3.548141] systemd[1]: Initializing machine ID from random generator.
[    3.577649] systemd[1]: Failed to open libbpf, cgroup BPF features disabled: Operation not supported
[    3.780162] systemd[1]: Populated /etc with preset unit settings.
[    3.837234] systemd[1]: initrd-switch-root.service: Deactivated successfully.
[    3.838282] systemd[1]: Stopped initrd-switch-root.service - Switch Root.
[[0;32m  OK  [0m] Stopped [0;1;39minitrd-switch-root.service[0m - Switch Root.
[    3.841861] systemd[1]: systemd-journald.service: Scheduled restart job, restart counter is at 1.
[    3.843530] systemd[1]: Created slice system-getty.slice - Slice /system/getty.
[[0;32m  OK  [0m] Created slice [0;1;39msystem-getty.slice[0m - Slice /system/getty.
[    3.846711] systemd[1]: Created slice system-serial\x2dgetty.slice - Slice /system/serial-getty.
[[0;32m  OK  [0m] Created slice [0;1;39msystem-serial\x2dget…slice[0m - Slice /system/serial-getty.
[    3.850029] systemd[1]: Created slice user.slice - User and Session Slice.
[[0;32m  OK  [0m] Created slice [0;1;39muser.slice[0m - User and Session Slice.
[    3.852018] systemd[1]: Started systemd-ask-password-console.path - Dispatch Password Requests to Console Directory Watch.
[[0;32m  OK  [0m] Started [0;1;39msystemd-ask-password-conso…[0mequests to Console Directory Watch.
[    3.855365] systemd[1]: Started systemd-ask-password-wall.path - Forward Password Requests to Wall Directory Watch.
[[0;32m  OK  [0m] Started [0;1;39msystemd-ask-password-wall.…[0md Requests to Wall Directory Watch.
[    3.858216] systemd[1]: Set up automount proc-sys-fs-binfmt_misc.automount - Arbitrary Executable File Formats File System Automount Point.
[[0;32m  OK  [0m] Set up automount [0;1;39mproc-sys-fs-binfm…[0mormats File System Automount Point.
[    3.861865] systemd[1]: Expecting device dev-ttyS0.device - /dev/ttyS0...
         Expecting device [0;1;39mdev-ttyS0.device[0m - /dev/ttyS0...
[    3.863651] systemd[1]: Stopped target initrd-switch-root.target - Switch Root.
[[0;32m  OK  [0m] Stopped target [0;1;39minitrd-switch-root.target[0m - Switch Root.
[    3.865716] systemd[1]: Stopped target initrd-fs.target - Initrd File Systems.
[[0;32m  OK  [0m] Stopped target [0;1;39minitrd-fs.target[0m - Initrd File Systems.
[    3.867809] systemd[1]: Stopped target initrd-root-fs.target - Initrd Root File System.
[[0;32m  OK  [0m] Stopped target [0;1;39minitrd-root-fs.target[0m - Initrd Root File System.
[    3.870052] systemd[1]: Reached target paths.target - Path Units.
[[0;32m  OK  [0m] Reached target [0;1;39mpaths.target[0m - Path Units.
[    3.871769] systemd[1]: Reached target remote-fs.target - Remote File Systems.
[[0;32m  OK  [0m] Reached target [0;1;39mremote-fs.target[0m - Remote File Systems.
[    3.873793] systemd[1]: Reached target slices.target - Slice Units.
[[0;32m  OK  [0m] Reached target [0;1;39mslices.target[0m - Slice Units.
[    3.875836] systemd[1]: Reached target swap.target - Swaps.
[[0;32m  OK  [0m] Reached target [0;1;39mswap.target[0m - Swaps.
[    3.878616] systemd[1]: Listening on systemd-creds.socket - Credential Encryption/Decryption.
[[0;32m  OK  [0m] Listening on [0;1;39msystemd-creds.socket[0m - Credential Encryption/Decryption.
[    3.881074] systemd[1]: Listening on systemd-initctl.socket - initctl Compatibility Named Pipe.
[[0;32m  OK  [0m] Listening on [0;1;39msystemd-initctl.socke…[0m- initctl Compatibility Named Pipe.
[    3.884212] systemd[1]: Listening on systemd-networkd.socket - Network Service Netlink Socket.
[[0;32m  OK  [0m] Listening on [0;1;39msystemd-networkd.socket[0m - Network Service Netlink Socket.
[    3.886614] systemd[1]: systemd-pcrextend.socket - TPM PCR Measurements skipped, unmet condition check ConditionSecurity=measured-uki
[    3.888064] systemd[1]: systemd-pcrlock.socket - Make TPM PCR Policy skipped, unmet condition check ConditionSecurity=measured-uki
[    3.889574] systemd[1]: Listening on systemd-udevd-control.socket - udev Control Socket.
[[0;32m  OK  [0m] Listening on [0;1;39msystemd-udevd-control.socket[0m - udev Control Socket.
[    3.892820] systemd[1]: Listening on systemd-udevd-kernel.socket - udev Kernel Socket.
[[0;32m  OK  [0m] Listening on [0;1;39msystemd-udevd-kernel.socket[0m - udev Kernel Socket.
[    3.896388] systemd[1]: Mounting tmp.mount - Temporary Directory /tmp...
         Mounting [0;1;39mtmp.mount[0m - Temporary Directory /tmp...
[    3.899777] systemd[1]: Starting kmod-static-nodes.service - Create List of Static Device Nodes...
         Starting [0;1;39mkmod-static-nodes.service[0m…eate List of Static Device Nodes...
[    3.923472] systemd[1]: Starting modprobe@configfs.service - Load Kernel Module configfs...
         Starting [0;1;39mmodprobe@configfs.service[0m - Load Kernel Module configfs...
[    3.928791] systemd[1]: Starting modprobe@drm.service - Load Kernel Module drm...
         Starting [0;1;39mmodprobe@drm.service[0m - Load Kernel Module drm...
[    3.931596] systemd[1]: Starting modprobe@efi_pstore.service - Load Kernel Module efi_pstore...
         Starting [0;1;39mmodprobe@efi_pstore.servi…[0m - Load Kernel Module[    3.934105] systemd[1]: Starting modprobe@fuse.service - Load Kernel Module fuse...
 efi_pstore...
         Starting [0;1;39mmodprobe@fuse.service[0m - Load Kernel Module fuse...
[    3.937908] systemd[1]: Starting systemd-fsck-root.service - File System Check on Root Device...
         Starting [0;1;39msystemd-fsck-root.ser[    3.939477] systemd[1]: systemd-hibernate-clear.service - Clear Stale Hibernate Storage Info skipped, unmet condition check ConditionPathExists=/sys/firmware/efi/efivars/HibernateLocation-8cf2644b-4b0b-428f-9387-6d876050dc67
vice[0m…File System Check on Root Device...
[    3.943764] systemd[1]: Starting systemd-journald.service - Journal Service...
         Starting [0;1;39msystemd-journald.service[0m - Journal Service...
[    3.946804] systemd[1]: Starting systemd-modules-load.service - Load Kernel Modules...
         Starting [0;1;39msystemd-modules-load.service[0m - Load Kernel Modules...
[    3.950568] systemd[1]: Starting systemd-network-generator.service - Generate Network Units from Kernel Command Line...
         Starting [0;1;39msystemd-network-generator…[0mk Units from Kernel Command Line...
[    3.953632] systemd[1]: systemd-pcrmachine.service - TPM PCR Machine ID Measurement skipped, unmet condition check ConditionSecurity=measured-uki
[    3.955318] systemd[1]: systemd-pcrfs-root.service - TPM PCR Root File System Measurement skipped, unmet condition check ConditionSecurity=measured-uki
[    3.957122] systemd[1]: systemd-tpm2-setup-early.service - Early TPM SRK Setup skipped, unmet condition check ConditionSecurity=measured-uki
[    3.959572] systemd[1]: Starting systemd-udev-load-credentials.service - Load udev Rules from Credentials...
         Starting [0;1;39msystemd-udev-load-credent…[0mLoad udev Rules from Credentials...
[    3.964079] systemd[1]: Starting systemd-udev-trigger.service - Coldplug All udev Devices...
[    3.964435] systemd-journald[430]: Collecting audit messages is enabled.
         Starting [0;1;39msystemd-udev-trigger.service[0m - Coldplug All udev Devices...
[    3.968157] systemd[1]: Mounted tmp.mount - Temporary Directory /tmp.
[[0;32m  OK  [0m] Mounted [0;1;39mtmp.mount[0m - Temporary Directory /tmp.
[    3.970414] systemd[1]: Started systemd-journald.service - Journal Service.
[    3.751897] systemd[1]: Queued start job for default target graphical.target.
[[0;32m  OK  [0m] Started [0;1;39msystemd-journald.service[0m - Journal Service.
[    3.753395] systemd[1]: systemd-journald.service: Deactivated successfully.
[[0;32m  OK  [0m] Finished [0;1;39mkmod-static-nodes.service[0m…Create List of Static Device Nodes.
[    3.756712] systemd-fsck[429]: [0;1;31mfsck failed with exit status 8.[0m
[[0;32m  OK  [0m] Finished [0;1;39mmodprobe@configfs.service[0m - Load Kernel Module configfs.
[    3.758787] systemd-fsck[429]: [0;1;38:5:185mIgnoring error.[0m
[[0;32m  OK  [0m] Finished [0;1;39mmodprobe@drm.service[0m - Load Kernel Module drm.
[    3.760864] systemd[1]: Finished kmod-static-nodes.service - Create List of Static Device Nodes.
[[0;32m  OK  [0m] Finished [0;1;39mmodprobe@efi_pstore.service[0m - Load Kernel Module efi_pstore.
[    3.763216] systemd[1]: modprobe@configfs.service: Deactivated successfully.
[[0;32m  OK  [0m] Finished [0;1;39mmodprobe@fuse.service[0m - Load Kernel Module fuse.
[    3.766523] systemd[1]: Finished modprobe@configfs.service - Load Kernel Module configfs.
[[0;32m  OK  [0m] Finished [0;1;39msystemd-fsck-root.service[0m - File System Check on Root Device.
[    3.769024] systemd-fsck[432]: fsck: error 2 (No such file or directory) while executing fsck.ext4 for /dev/vda2
[[0;32m  OK  [0m] Finished [0;1;39msystemd-modules-load.service[0m - Load Kernel Modules.
[    3.771800] systemd[1]: modprobe@drm.service: Deactivated successfully.
[    3.772437] systemd[1]: Finished modprobe@drm.service - Load Kernel Module drm.
[[0;32m  OK  [0m] Finished [0;1;39msystemd-network-generator…[0mork Units from Kernel Command Line.
[    3.775203] systemd[1]: modprobe@efi_pstore.service: Deactivated successfully.
[    3.777520] systemd[1]: Finished modprobe@efi_pstore.service - Load Kernel Module efi_pstore.
[[0;32m  OK  [0m] Finished [0;1;39msystemd-udev-load-credent…[0m- Load udev Rules from Credentials.
[    3.778026] systemd[1]: modprobe@fuse.service: Deactivated successfully.
[    3.781168] systemd[1]: Finished modprobe@fuse.service - Load Kernel Module fuse.
[    3.782370] systemd[1]: Finished systemd-fsck-root.service - File System Check on Root Device.
[[0;32m  OK  [0m] Reached target [0;1;39mnetwork-pre.target[0m - Preparation for Network.
[    3.784858] systemd[1]: Finished systemd-modules-load.service - Load Kernel Modules.
         Starting [0;1;39msystemd-remount-fs.servic…[0munt Root and Kernel File Systems...
[    3.787228] systemd[1]: Finished systemd-network-generator.service - Generate Network Units from Kernel Command Line.
         Starting [0;1;39msystemd-sysctl.service[0m - Apply Kernel Variables...
[    3.789955] systemd[1]: Finished systemd-udev-load-credentials.service - Load udev Rules from Credentials.
[    3.793616] systemd[1]: Reached target network-pre.target - Preparation for Network.
         Starting [0;1;39msystemd-tmpfiles-setup-de…[0m Device Nodes in /dev gracefully...
[    3.796042] systemd[1]: Starting systemd-remount-fs.service - Remount Root and Kernel File Systems...
[    3.797447] systemd[1]: Starting systemd-sysctl.service - Apply Kernel Variables...
[    3.798650] systemd[1]: Starting systemd-tmpfiles-setup-dev-early.service - Create Static Device Nodes in /dev gracefully...
[[0;32m  OK  [0m] Finished [0;1;39msystemd-sysctl.service[0m - Apply Kernel Variables.
[    3.823900] systemd[1]: Finished systemd-sysctl.service - Apply Kernel Variables.
[    3.830551] systemd[1]: Finished systemd-tmpfiles-setup-dev-early.service - Create Static Device Nodes in /dev gracefully.
[[0;32m  OK  [0m] Finished [0;1;39msystemd-tmpfiles-setup-de…[0mic Device Nodes in /dev gracefully.
[    4.068229] EXT4-fs (vda2): re-mounted 461aba6a-a314-4ab1-9f9d-e1f9fb57f537 r/w.
[[0;32m  OK  [0m] Finished [0;1;39msystemd-remount-fs.servic…[0mmount Root and Kernel File Systems.
[    3.852758] systemd[1]: Finished systemd-remount-fs.service - Remount Root and Kernel File Systems.
[    3.855507] systemd[1]: Starting systemd-growfs-root.service - Grow Root File System...
         Starting [0;1;39msystemd-growfs-root.service[0m - Grow Root File System...
[    3.858252] systemd[1]: systemd-hwdb-update.service - Rebuild Hardware Database skipped, no trigger condition checks were met.
         Starting [0;1;39msystemd-journal-flush.ser…[0msh Journal to Persistent Storage...
[    3.865293] systemd[1]: Starting systemd-journal-flush.service - Flush Journal to Persistent Storage...
[    3.866768] systemd[1]: systemd-pcrlock-file-system.service - Lock File Systems to TPM PCR Policy skipped, unmet condition check ConditionSecurity=measured-uki
[    3.868906] systemd[1]: systemd-pcrlock-machine-id.service - Lock Machine ID to TPM PCR Policy skipped, unmet condition check ConditionSecurity=measured-uki
[    3.870979] systemd[1]: systemd-pstore.service - Platform Persistent Storage Archival skipped, unmet condition check ConditionDirectoryNotEmpty=/sys/fs/pstore
[    3.874211] systemd[1]: Starting systemd-random-seed.service - Load/Save OS Random Seed...
         Starting [0;1;39msystemd-random-seed.service[0m - Load/Save OS Random Seed...
[    4.095567] systemd-journald[430]: Received client request to flush runtime journal.
[    4.096005] EXT4-fs (vda2): resizing filesystem from 989826 to 989826 blocks
         Starting [0;1;39msystemd-sysusers.service[0m - Create System Users...
[[0;32m  OK  [0m] Finished [0;1;39msystemd-udev-trigger.service[0m - Coldplug All udev Devices.
[[0;32m  OK  [0m] Finished [0;1;39msystemd-growfs-root.service[0m - Grow Root File System.
[[0;32m  OK  [0m] Finished [0;1;39msystemd-random-seed.service[0m - Load/Save OS Random Seed.
[    3.894206] systemd[1]: Starting systemd-sysusers.service - Create System Users...
[    3.895743] systemd[1]: systemd-tpm2-setup.service - TPM SRK Setup skipped, unmet condition check ConditionSecurity=measured-uki
[    3.896493] systemd[1]: systemd-pcrlock-firmware-code.service - Lock Firmware Code to TPM PCR Policy skipped, unmet condition check ConditionSecurity=measured-uki
[    3.896634] systemd[1]: systemd-pcrlock-firmware-config.service - Lock Firmware Configuration to TPM PCR Policy skipped, unmet condition check ConditionSecurity=measured-uki
[    3.896771] systemd[1]: systemd-pcrlock-secureboot-authority.service - Lock UEFI SecureBoot Authority to TPM PCR Policy skipped, unmet condition check ConditionSecurity=measured-uki
[    3.896945] systemd[1]: systemd-pcrlock-secureboot-policy.service - Lock UEFI SecureBoot Policy to TPM PCR Policy skipped, unmet condition check ConditionSecurity=measured-uki
[    3.897130] systemd[1]: systemd-pcrlock-make-policy.service - Make TPM PCR Policy skipped, unmet condition check ConditionSecurity=measured-uki
[    3.897318] systemd[1]: Finished systemd-udev-trigger.service - Coldplug All udev Devices.
[    3.897565] systemd-growfs[461]: Successfully resized "/" to 3.7G bytes.
[    3.897712] systemd[1]: Finished systemd-growfs-root.service - Grow Root File System.
[    3.897883] systemd[1]: Finished systemd-random-seed.service - Load/Save OS Random Seed.
[    3.898085] systemd[1]: Finished systemd-journal-flush.service - Flush Journal to Persistent Storage.
[[0;32m  OK  [0m] Finished [0;1;39msystemd-journal-flush.ser…[0mlush Journal to Persistent Storage.
[[0;32m  OK  [0m] Finished [0;1;39msystemd-sysusers.service[0m - Create System Users.
[    3.915446] systemd[1]: Finished systemd-sysusers.service - Create System Users.
         Starting [0;1;39msystemd-tmpfiles-setup-de…[0meate Static Device Nodes in /dev...
[    3.920170] systemd[1]: Starting systemd-tmpfiles-setup-dev.service - Create Static Device Nodes in /dev...
[[0;32m  OK  [0m] Finished [0;1;39msystemd-tmpfiles-setup-de…[0mCreate Static Device Nodes in /dev.
[    3.935000] systemd[1]: Finished systemd-tmpfiles-setup-dev.service - Create Static Device Nodes in /dev.
[[0;32m  OK  [0m] Reached target [0;1;39mlocal-fs-pre.target[0m…Preparation for Local File Systems.
[    3.938244] systemd[1]: Reached target local-fs-pre.target - Preparation for Local File Systems.
[[0;32m  OK  [0m] Set up automount [0;1;39mboot.automount[0m - EFI System Partition Automount.
[    3.941138] systemd[1]: Set up automount boot.automount - EFI System Partition Automount.
[[0;32m  OK  [0m] Reached target [0;1;39mlocal-fs.target[0m - Local File Systems.
[    3.943764] systemd[1]: Reached target local-fs.target - Local File Systems.
[[0;32m  OK  [0m] Listening on [0;1;39msystemd-sysext.socket[0m… System Extension Image Management.
[    3.946671] systemd[1]: Listening on systemd-sysext.socket - System Extension Image Management.
[    3.949597] systemd[1]: systemd-binfmt.service - Set Up Additional Binary Formats skipped, no trigger condition checks were met.
[    3.951298] systemd[1]: systemd-confext.service - Merge System Configuration Images into /etc/ skipped, no trigger condition checks were met.
[    3.953181] systemd[1]: systemd-sysext.service - Merge System Extension Images into /usr/ and /opt/ skipped, no trigger condition checks were met.
         Starting [0;1;39msystemd-tmpfiles-setup.se…[0mate System Files and Directories...
[    3.956118] systemd[1]: Starting systemd-tmpfiles-setup.service - Create System Files and Directories...
         Starting [0;1;39msystemd-udevd.service[0m - R…ager for Device Events and Files...
[    3.959989] systemd[1]: Starting systemd-udevd.service - Rule-based Manager for Device Events and Files...
[    3.995448] systemd-tmpfiles[475]: [0;1;39m/usr/lib/tmpfiles.d/legacy.conf:14: Duplicate line for path "/run/lock", ignoring.[0m
[[0;32m  OK  [0m] Finished [0;1;39msystemd-tmpfiles-setup.se…[0mreate System Files and Directories.
[    4.008076] systemd[1]: Finished systemd-tmpfiles-setup.service - Create System Files and Directories.
         Starting [0;1;39mldconfig.service[0m - Rebuild Dynamic Linker Cache...
[    4.011914] systemd[1]: Starting ldconfig.service - Rebuild Dynamic Linker Cache...
[    4.014647] systemd-udevd[476]: Using default interface naming scheme 'v257'.
         Starting [0;1;39msystemd-firstboot.service[0m - First Boot Wizard...
[    4.017129] systemd[1]: Starting systemd-firstboot.service - First Boot Wizard...
[    4.020598] systemd[1]: Starting systemd-journal-catalog-update.service - Rebuild Journal Catalog...
         Starting [0;1;39msystemd-journal-catalog-u…ervice[0m - Rebuild Journal Catalog...
[[0;32m  OK  [0m] Started [0;1;39msystemd-udevd.service[0m - Ru…anager for Device Events and Files.
[    4.026310] systemd[1]: Started systemd-udevd.service - Rule-based Manager for Device Events and Files.
         Starting [0;1;39msystemd-networkd.service[0m - Network Configuration...
[    4.028907] systemd[1]: Starting systemd-networkd.service - Network Configuration...
[    4.032877] systemd[1]: Starting modprobe@configfs.service - Load Kernel Module configfs...
         Starting [0;1;39mmodprobe@configfs.service[0m - Load Kernel Module configfs...
[    4.040739] systemd[1]: Starting modprobe@fuse.service - Load Kernel Module fuse...
         Starting [0;1;39mmodprobe@fuse.service[0m - Load Kernel Module fuse...
[    4.045732] systemd[1]: Finished systemd-journal-catalog-update.service - Rebuild Journal Catalog.
[[0;32m  OK  [0m] Finished [0;1;39msystemd-journal-catalog-u….service[0m - Rebuild Journal Catalog.
[[0;32m  OK  [0m] Finished [0;1;39msystemd-firstboot.service[0m - First Boot Wizard.
[[0;32m  OK  [0m] Finished [0;1;39mmodprobe@configfs.service[0m - Load Kernel Module configfs.
[[0;32m  OK  [0m] Finished [0;1;39mmodprobe@fuse.service[0m - Load Kernel Module fuse.
[[0;32m  OK  [0m] Reached target [0;1;39mfirst-boot-complete.target[0m - First Boot Complete.
[    4.050464] systemd[1]: Finished systemd-firstboot.service - First Boot Wizard.
         Starting [0;1;39msystemd-machine-id-commit…[0mave Transient machine-id to Disk...
[    4.059743] systemd[1]: modprobe@configfs.service: Deactivated successfully.
[    4.061894] systemd[1]: Finished modprobe@configfs.service - Load Kernel Module configfs.
[    4.063339] systemd[1]: modprobe@fuse.service: Deactivated successfully.
[    4.064645] systemd[1]: Finished modprobe@fuse.service - Load Kernel Module fuse.
[    4.066793] systemd[1]: Reached target first-boot-complete.target - First Boot Complete.
[    4.068918] systemd[1]: Starting systemd-machine-id-commit.service - Save Transient machine-id to Disk...
[    4.072035] systemd-networkd[486]: lo: Link UP
[[0;32m  OK  [0m] Started [0;1;39msystemd-networkd.service[0m - Network Configuration.
[    4.075244] systemd-networkd[486]: lo: Gained carrier
[[0;32m  OK  [0m] Reached target [0;1;39mnetwork.target[0m - Network.
[    4.079354] systemd-networkd[486]: sysctl monitor disabled, as BPF support is not available.
[    4.081546] systemd[1]: Started systemd-networkd.service - Network Configuration.
[    4.084124] systemd[1]: Reached target network.target - Network.
         Starting [0;1;39msystemd-networkd-persiste…[0mtent Storage in systemd-networkd...
[    4.091621] systemd[1]: Starting systemd-networkd-persistent-storage.service - Enable Persistent Storage in systemd-networkd...
[[0;32m  OK  [0m] Finished [0;1;39msystemd-machine-id-commit…[0m Save Transient machine-id to Disk.
[    4.105422] systemd[1]: Finished systemd-machine-id-commit.service - Save Transient machine-id to Disk.
[[0;32m  OK  [0m] Finished [0;1;39msystemd-networkd-persiste…[0mistent Storage in systemd-networkd.
[    4.110680] systemd[1]: Finished systemd-networkd-persistent-storage.service - Enable Persistent Storage in systemd-networkd.
[    4.116995] systemd[1]: Condition check resulted in dev-ttyS0.device - /dev/ttyS0 being skipped.
[    4.135792] systemd[1]: Finished ldconfig.service - Rebuild Dynamic Linker Cache.
[[0;32m  OK  [0m] Finished [0;1;39mldconfig.service[0m - Rebuild Dynamic Linker Cache.
